14:42:02.805 [main                     ] DEBUG Logger               - Configured Logger
14:42:02.828 [main                     ] DEBUG GameApplication      - Logging settings
Title: CLIMB MOUNT FUJI
Version: 0.0
Width: 800
Height: 600
Fullscreen: false
Intro: false
Profiling: false
Single step:false
App Mode: DEVELOPER
Menu Key: ESCAPE
Stage Style: DECORATED
Scene Factory: class com.almasb.fxgl.app.scene.SceneFactory

14:42:03.364 [JavaFX Application Thread] DEBUG FXGLApplication      - Initializing FXGL
14:42:03.371 [JavaFX Application Thread] INFO  Engine               - FXGL-17.2 (20.08.2022 16.50) on WINDOWS (J:23.0.2 FX:21.0.2)
14:42:03.372 [JavaFX Application Thread] DEBUG Engine               - JRE Vendor Name: Oracle Corporation
14:42:03.372 [JavaFX Application Thread] DEBUG Engine               - Running on OS: Windows 10 version 10.0
14:42:03.372 [JavaFX Application Thread] DEBUG Engine               - Architecture: amd64
14:42:03.372 [JavaFX Application Thread] INFO  Engine               - Source code and latest versions at: https://github.com/AlmasB/FXGL
14:42:03.372 [JavaFX Application Thread] INFO  Engine               -       Ask questions and discuss at: https://github.com/AlmasB/FXGL/discussions
14:42:03.372 [JavaFX Application Thread] INFO  Engine               -              Join the FXGL chat at: https://gitter.im/AlmasB/FXGL
14:42:03.540 [JavaFX Application Thread] DEBUG PrimaryStageWindow   - Creating a JavaFX scene
14:42:03.611 [JavaFX Application Thread] DEBUG PrimaryStageWindow   - Target settings size: 800.0 x 600.0
14:42:03.611 [JavaFX Application Thread] DEBUG PrimaryStageWindow   - Scaled scene size:    800.0 x 600.0
14:42:03.612 [JavaFX Application Thread] DEBUG PrimaryStageWindow   - Scaled ratio: (1.0, 1.0)
14:42:03.613 [JavaFX Application Thread] DEBUG PrimaryStageWindow   - Set initial scene to FXGLStartupScene
14:42:03.618 [JavaFX Application Thread] DEBUG PrimaryStageWindow   - Opening main window
14:42:03.729 [JavaFX Application Thread] DEBUG PrimaryStageWindow   - Window border size: (14.4000244140625, 37.5999755859375)
14:42:03.729 [JavaFX Application Thread] DEBUG PrimaryStageWindow   - Scaled size: 800.0 x 600.0
14:42:03.729 [JavaFX Application Thread] DEBUG PrimaryStageWindow   - Scaled ratio: (1.0, 1.0)
14:42:03.729 [JavaFX Application Thread] DEBUG PrimaryStageWindow   - Scene size: 800.0 x 600.0
14:42:03.729 [JavaFX Application Thread] DEBUG PrimaryStageWindow   - Stage size: 814.4000244140625 x 637.5999755859375
14:42:03.741 [FXGL Background Thread 1 ] DEBUG Engine               - Initializing environment variables
14:42:03.846 [FXGL Background Thread 1 ] DEBUG FXGLAssetLoaderServi - User app class for loading assets: class com.aluber.ClimbMountFuji.MainApplication
14:42:03.847 [FXGL Background Thread 1 ] DEBUG GameApplicationServi - Applying CSS: fxgl_dark.css
14:42:03.848 [FXGL Background Thread 1 ] DEBUG FXGLAssetLoaderServi - Loading from file system: jar:file:/C:/Users/yfili/.m2/repository/com/github/almasb/fxgl/17.2/fxgl-17.2.jar!/fxglassets/ui/css/fxgl_dark.css
14:42:03.907 [FXGL Background Thread 1 ] DEBUG GameApplicationServi - Initializing application scenes
14:42:03.972 [FXGL Background Thread 1 ] DEBUG GameWorld            - Game world initialized
14:42:04.057 [FXGL Background Thread 1 ] DEBUG PhysicsWorld         - Physics world initialized: appHeight=600, physics.ppm=50,0
14:42:04.057 [FXGL Background Thread 1 ] DEBUG PhysicsWorld         - Using strategy: BRUTE_FORCE
14:42:04.062 [FXGL Background Thread 1 ] DEBUG GameScene            - Game scene initialized: 800x600
14:42:04.075 [FXGL Background Thread 1 ] DEBUG FXGL.DefaultMenu     - createMenuBodyGameMenu()
14:42:04.094 [FXGL Background Thread 1 ] DEBUG FXGL.DefaultMenu     - createOptionsMenu()
14:42:04.109 [FXGL Background Thread 1 ] DEBUG FXGLAssetLoaderServi - Loading from file system: jar:file:/C:/Users/yfili/.m2/repository/com/github/almasb/fxgl/17.2/fxgl-17.2.jar!/fxglassets/textures/particles/smoke.png
14:42:04.211 [FXGL Background Thread 1 ] DEBUG FXGLAssetLoaderServi - Loading from file system: jar:file:/C:/Users/yfili/.m2/repository/com/github/almasb/fxgl/17.2/fxgl-17.2.jar!/fxglassets/textures/particles/trace_horizontal.png
14:42:04.242 [FXGL Background Thread 1 ] DEBUG GameApplicationServi - Application scenes initialized
14:42:04.259 [FXGL Background Thread 1 ] DEBUG SystemBundleService  - Loading FXGL system data
14:42:04.264 [FXGL Background Thread 1 ] DEBUG FileSystemAccess     - Reading from: D:\code\intellij\Climb-Mount-Fuji\system\fxgl.bundle
14:42:04.271 [FXGL Background Thread 1 ] DEBUG SystemBundleService  - Bundle FXGL: {}
14:42:04.271 [FXGL Background Thread 1 ] DEBUG UpdaterService       - Checking for updates
14:42:04.275 [FXGL Background Thread 4 ] DEBUG FXGLApplication      - Loading fonts
14:42:04.276 [FXGL Background Thread 4 ] DEBUG FXGLAssetLoaderServi - Loading from file system: jar:file:/C:/Users/yfili/.m2/repository/com/github/almasb/fxgl/17.2/fxgl-17.2.jar!/fxglassets/ui/fonts/VarelaRound-Regular.ttf
14:42:04.276 [FXGL Background Thread 1 ] DEBUG FXGLApplication      - Loading default localization
14:42:04.277 [FXGL Background Thread 1 ] DEBUG FXGLAssetLoaderServi - Loading from file system: jar:file:/C:/Users/yfili/.m2/repository/com/github/almasb/fxgl/17.2/fxgl-17.2.jar!/fxglassets/languages/english.lang
14:42:04.301 [FXGL Background Thread 1 ] INFO  FXGLApplication      - FXGL initialization took: 0,560 sec
14:42:04.302 [JavaFX Application Thread] DEBUG FXGLAssetLoaderServi - Loading from file system: jar:file:/C:/Users/yfili/.m2/repository/com/github/almasb/fxgl/17.2/fxgl-17.2.jar!/fxglassets/textures/fxgl_icon.png
14:42:04.326 [JavaFX Application Thread] DEBUG FXGLAssetLoaderServi - Loading from file system: jar:file:/C:/Users/yfili/.m2/repository/com/github/almasb/fxgl/17.2/fxgl-17.2.jar!/fxglassets/textures/fxgl_default_cursor.png
14:42:04.327 [FXGL Background Thread 4 ] DEBUG FXGLAssetLoaderServi - Loading from file system: jar:file:/C:/Users/yfili/.m2/repository/com/github/almasb/fxgl/17.2/fxgl-17.2.jar!/fxglassets/ui/fonts/Abel-Regular.ttf
14:42:04.342 [JavaFX Application Thread] DEBUG Input                - Registered new binding: Screenshot - CTRL+8
14:42:04.343 [JavaFX Application Thread] DEBUG Input                - Registered new binding: System info dump - CTRL+9
14:42:04.343 [JavaFX Application Thread] DEBUG Input                - Registered new binding: Restart - CTRL+R
14:42:04.344 [JavaFX Application Thread] DEBUG Input                - Registered new binding: Toggle Debug Camera - CTRL+7
14:42:04.346 [FXGL Background Thread 4 ] DEBUG FXGLAssetLoaderServi - Loading from file system: jar:file:/C:/Users/yfili/.m2/repository/com/github/almasb/fxgl/17.2/fxgl-17.2.jar!/fxglassets/ui/fonts/TerminalLandMono-Regular.otf
14:42:04.348 [JavaFX Application Thread] DEBUG LoopRunner           - Starting loop
14:42:04.348 [JavaFX Application Thread] DEBUG LoopRunner           - Initializing JavaFX AnimationTimerLoop
14:42:04.350 [JavaFX Application Thread] DEBUG GameApplicationServi - Starting new game
14:42:04.351 [JavaFX Application Thread] DEBUG Input                - Clearing active input actions
14:42:04.366 [JavaFX Application Thread] DEBUG GameApplicationServi - Removing overlay from FXGLStartupScene and adding to FXGLLoadingScene
14:42:04.366 [JavaFX Application Thread] DEBUG PrimaryStageWindow   - FXGLStartupScene -> FXGLLoadingScene
14:42:04.366 [JavaFX Application Thread] DEBUG GameApplicationServi - Clearing previous game
14:42:04.366 [JavaFX Application Thread] DEBUG GameScene            - Clearing game scene
14:42:04.366 [JavaFX Application Thread] DEBUG GameWorld            - Clearing game world
14:42:04.367 [JavaFX Application Thread] DEBUG PhysicsWorld         - Clearing physics world
14:42:04.368 [FXGL Background Thread 1 ] DEBUG FXGLApplication      - Initializing game
14:42:04.371 [FXGL Background Thread 4 ] DEBUG FXGLAssetLoaderServi - Loading from file system: jar:file:/C:/Users/yfili/.m2/repository/com/github/almasb/fxgl/17.2/fxgl-17.2.jar!/fxglassets/ui/fonts/Courier-Prime.ttf
14:42:04.395 [FXGL Background Thread 1 ] INFO  FXGLApplication      - Game initialization took: 0,026 sec
14:42:04.447 [JavaFX Application Thread] DEBUG Input                - Clearing active input actions
14:42:04.461 [JavaFX Application Thread] DEBUG GameApplicationServi - Removing overlay from FXGLLoadingScene and adding to GameScene
14:42:04.462 [JavaFX Application Thread] DEBUG PrimaryStageWindow   - FXGLLoadingScene -> GameScene
14:42:04.463 [JavaFX Application Thread] DEBUG FXGLApplication      - Registering font factories with UI factory
14:42:05.069 [FXGL Background Thread 2 ] INFO  UpdaterService       - Your current version:  17.2
14:42:05.070 [FXGL Background Thread 2 ] INFO  UpdaterService       - Latest stable version: 21.1
14:42:07.082 [JavaFX Application Thread] DEBUG FXGLApplication      - Exiting FXGL
14:42:07.083 [JavaFX Application Thread] DEBUG LoopRunner           - Stopping loop
14:42:07.083 [JavaFX Application Thread] DEBUG SystemBundleService  - Saving FXGL system data
14:42:07.088 [JavaFX Application Thread] DEBUG FileSystemAccess     - Writing to: D:\code\intellij\Climb-Mount-Fuji\system\fxgl.bundle
14:42:07.092 [JavaFX Application Thread] DEBUG Async                - Shutting down background threads
14:42:07.092 [JavaFX Application Thread] DEBUG PrimaryStageWindow   - Closing main window
14:42:07.117 [JavaFX Application Thread] DEBUG Logger               - Closing Logger
