21:49:29.404 [main                     ] DEBUG Logger               - Configured Logger
21:49:29.443 [main                     ] DEBUG GameApplication      - Logging settings
Title: CLIMB MOUNT FUJI
Version: 0.0
Width: 800
Height: 600
Fullscreen: false
Intro: false
Profiling: false
Single step:false
App Mode: DEVELOPER
Menu Key: ESCAPE
Stage Style: DECORATED
Scene Factory: class com.almasb.fxgl.app.scene.SceneFactory

21:49:30.374 [JavaFX Application Thread] DEBUG FXGLApplication      - Initializing FXGL
21:49:30.380 [JavaFX Application Thread] INFO  Engine               - FXGL-17.2 (20.08.2022 16.50) on WINDOWS (J:23.0.2 FX:21.0.2)
21:49:30.380 [JavaFX Application Thread] DEBUG Engine               - JRE Vendor Name: Oracle Corporation
21:49:30.380 [JavaFX Application Thread] DEBUG Engine               - Running on OS: Windows 10 version 10.0
21:49:30.380 [JavaFX Application Thread] DEBUG Engine               - Architecture: amd64
21:49:30.381 [JavaFX Application Thread] INFO  Engine               - Source code and latest versions at: https://github.com/AlmasB/FXGL
21:49:30.381 [JavaFX Application Thread] INFO  Engine               -       Ask questions and discuss at: https://github.com/AlmasB/FXGL/discussions
21:49:30.381 [JavaFX Application Thread] INFO  Engine               -              Join the FXGL chat at: https://gitter.im/AlmasB/FXGL
21:49:30.592 [JavaFX Application Thread] DEBUG PrimaryStageWindow   - Creating a JavaFX scene
21:49:30.679 [JavaFX Application Thread] DEBUG PrimaryStageWindow   - Target settings size: 800.0 x 600.0
21:49:30.679 [JavaFX Application Thread] DEBUG PrimaryStageWindow   - Scaled scene size:    800.0 x 600.0
21:49:30.680 [JavaFX Application Thread] DEBUG PrimaryStageWindow   - Scaled ratio: (1.0, 1.0)
21:49:30.681 [JavaFX Application Thread] DEBUG PrimaryStageWindow   - Set initial scene to FXGLStartupScene
21:49:30.686 [JavaFX Application Thread] DEBUG PrimaryStageWindow   - Opening main window
21:49:30.826 [JavaFX Application Thread] DEBUG PrimaryStageWindow   - Window border size: (14.4000244140625, 37.5999755859375)
21:49:30.827 [JavaFX Application Thread] DEBUG PrimaryStageWindow   - Scaled size: 800.0 x 600.0
21:49:30.827 [JavaFX Application Thread] DEBUG PrimaryStageWindow   - Scaled ratio: (1.0, 1.0)
21:49:30.827 [JavaFX Application Thread] DEBUG PrimaryStageWindow   - Scene size: 800.0 x 600.0
21:49:30.827 [JavaFX Application Thread] DEBUG PrimaryStageWindow   - Stage size: 814.4000244140625 x 637.5999755859375
21:49:30.840 [FXGL Background Thread 1 ] DEBUG Engine               - Initializing environment variables
21:49:30.993 [FXGL Background Thread 1 ] DEBUG FXGLAssetLoaderServi - User app class for loading assets: class com.aluber.ClimbMountFuji.MainApplication
21:49:30.994 [FXGL Background Thread 1 ] DEBUG GameApplicationServi - Applying CSS: fxgl_dark.css
21:49:30.995 [FXGL Background Thread 1 ] DEBUG FXGLAssetLoaderServi - Loading from file system: jar:file:/C:/Users/yfili/.m2/repository/com/github/almasb/fxgl/17.2/fxgl-17.2.jar!/fxglassets/ui/css/fxgl_dark.css
21:49:31.074 [FXGL Background Thread 1 ] DEBUG GameApplicationServi - Initializing application scenes
21:49:31.154 [FXGL Background Thread 1 ] DEBUG GameWorld            - Game world initialized
21:49:31.256 [FXGL Background Thread 1 ] DEBUG PhysicsWorld         - Physics world initialized: appHeight=600, physics.ppm=50,0
21:49:31.256 [FXGL Background Thread 1 ] DEBUG PhysicsWorld         - Using strategy: BRUTE_FORCE
21:49:31.264 [FXGL Background Thread 1 ] DEBUG GameScene            - Game scene initialized: 800x600
21:49:31.282 [FXGL Background Thread 1 ] DEBUG FXGL.DefaultMenu     - createMenuBodyGameMenu()
21:49:31.306 [FXGL Background Thread 1 ] DEBUG FXGL.DefaultMenu     - createOptionsMenu()
21:49:31.322 [FXGL Background Thread 1 ] DEBUG FXGLAssetLoaderServi - Loading from file system: jar:file:/C:/Users/yfili/.m2/repository/com/github/almasb/fxgl/17.2/fxgl-17.2.jar!/fxglassets/textures/particles/smoke.png
21:49:31.473 [FXGL Background Thread 1 ] DEBUG FXGLAssetLoaderServi - Loading from file system: jar:file:/C:/Users/yfili/.m2/repository/com/github/almasb/fxgl/17.2/fxgl-17.2.jar!/fxglassets/textures/particles/trace_horizontal.png
21:49:31.503 [FXGL Background Thread 1 ] DEBUG GameApplicationServi - Application scenes initialized
21:49:31.519 [FXGL Background Thread 1 ] DEBUG SystemBundleService  - Loading FXGL system data
21:49:31.525 [FXGL Background Thread 1 ] DEBUG FileSystemAccess     - Reading from: D:\code\intellij\Climb-Mount-Fuji\system\fxgl.bundle
21:49:31.535 [FXGL Background Thread 1 ] DEBUG SystemBundleService  - Bundle FXGL: {}
21:49:31.535 [FXGL Background Thread 1 ] DEBUG UpdaterService       - Checking for updates
21:49:31.571 [FXGL Background Thread 4 ] DEBUG FXGLApplication      - Loading fonts
21:49:31.572 [FXGL Background Thread 1 ] DEBUG FXGLApplication      - Loading default localization
21:49:31.572 [FXGL Background Thread 4 ] DEBUG FXGLAssetLoaderServi - Loading from file system: jar:file:/C:/Users/yfili/.m2/repository/com/github/almasb/fxgl/17.2/fxgl-17.2.jar!/fxglassets/ui/fonts/VarelaRound-Regular.ttf
21:49:31.573 [FXGL Background Thread 1 ] DEBUG FXGLAssetLoaderServi - Loading from file system: jar:file:/C:/Users/yfili/.m2/repository/com/github/almasb/fxgl/17.2/fxgl-17.2.jar!/fxglassets/languages/english.lang
21:49:31.602 [FXGL Background Thread 1 ] INFO  FXGLApplication      - FXGL initialization took: 0,762 sec
21:49:31.615 [JavaFX Application Thread] DEBUG Input                - Registered new binding: move right - K
21:49:31.617 [JavaFX Application Thread] DEBUG FXGLAssetLoaderServi - Loading from file system: jar:file:/C:/Users/yfili/.m2/repository/com/github/almasb/fxgl/17.2/fxgl-17.2.jar!/fxglassets/textures/fxgl_icon.png
21:49:31.646 [FXGL Background Thread 4 ] DEBUG FXGLAssetLoaderServi - Loading from file system: jar:file:/C:/Users/yfili/.m2/repository/com/github/almasb/fxgl/17.2/fxgl-17.2.jar!/fxglassets/ui/fonts/Abel-Regular.ttf
21:49:31.650 [JavaFX Application Thread] DEBUG FXGLAssetLoaderServi - Loading from file system: jar:file:/C:/Users/yfili/.m2/repository/com/github/almasb/fxgl/17.2/fxgl-17.2.jar!/fxglassets/textures/fxgl_default_cursor.png
21:49:31.654 [JavaFX Application Thread] DEBUG Input                - Registered new binding: Screenshot - CTRL+8
21:49:31.655 [JavaFX Application Thread] DEBUG Input                - Registered new binding: Dev Options - 1
21:49:31.656 [JavaFX Application Thread] DEBUG Input                - Registered new binding: Dev Console - 2
21:49:31.656 [JavaFX Application Thread] DEBUG Input                - Registered new binding: System info dump - CTRL+9
21:49:31.657 [JavaFX Application Thread] DEBUG Input                - Registered new binding: Restart - CTRL+R
21:49:31.658 [JavaFX Application Thread] DEBUG Input                - Registered new binding: Toggle Debug Camera - CTRL+7
21:49:31.663 [JavaFX Application Thread] DEBUG LoopRunner           - Starting loop
21:49:31.670 [FXGL Background Thread 4 ] DEBUG FXGLAssetLoaderServi - Loading from file system: jar:file:/C:/Users/yfili/.m2/repository/com/github/almasb/fxgl/17.2/fxgl-17.2.jar!/fxglassets/ui/fonts/TerminalLandMono-Regular.otf
21:49:31.690 [JavaFX Application Thread] DEBUG LoopRunner           - Initializing JavaFX AnimationTimerLoop
21:49:31.692 [JavaFX Application Thread] DEBUG GameApplicationServi - Starting new game
21:49:31.693 [JavaFX Application Thread] DEBUG Input                - Clearing active input actions
21:49:31.713 [JavaFX Application Thread] DEBUG GameApplicationServi - Removing overlay from FXGLStartupScene and adding to FXGLLoadingScene
21:49:31.714 [FXGL Background Thread 4 ] DEBUG FXGLAssetLoaderServi - Loading from file system: jar:file:/C:/Users/yfili/.m2/repository/com/github/almasb/fxgl/17.2/fxgl-17.2.jar!/fxglassets/ui/fonts/Courier-Prime.ttf
21:49:31.719 [JavaFX Application Thread] DEBUG PrimaryStageWindow   - FXGLStartupScene -> FXGLLoadingScene
21:49:31.719 [JavaFX Application Thread] DEBUG GameApplicationServi - Clearing previous game
21:49:31.719 [JavaFX Application Thread] DEBUG GameScene            - Clearing game scene
21:49:31.719 [JavaFX Application Thread] DEBUG GameWorld            - Clearing game world
21:49:31.720 [JavaFX Application Thread] DEBUG PhysicsWorld         - Clearing physics world
21:49:31.722 [FXGL Background Thread 1 ] DEBUG FXGLApplication      - Initializing game
21:49:31.881 [FXGL Background Thread 1 ] WARN  TMXLevelLoader       - TiledMap generated from 1.11.2. Supported version: 1.9.0. Some features may not be parsed fully.
21:49:31.974 [FXGL Background Thread 1 ] DEBUG TMXLevelLoader       - Parsed TiledMap: file:/D:/code/intellij/Climb-Mount-Fuji/target/classes/assets/levels/level/Project.tmx
21:49:31.975 [FXGL Background Thread 1 ] DEBUG TMXLevelLoader       - Creating tile layer entities
21:49:31.978 [FXGL Background Thread 1 ] DEBUG TilesetLoader        - Loading view for layer backGround
21:49:32.069 [JavaFX Application Thread] DEBUG FXGLApplication      - Registering font factories with UI factory
21:49:32.756 [FXGL Background Thread 1 ] DEBUG TilesetLoader        - Created buffer with size 18970.0x20090.0
21:49:33.439 [FXGL Background Thread 1 ] DEBUG TilesetLoader        - Loading view for layer terrain
21:49:34.570 [FXGL Background Thread 3 ] DEBUG Engine               - Logging environment variables
21:49:34.571 [FXGL Background Thread 3 ] DEBUG Engine               - achievements: []
21:49:34.571 [FXGL Background Thread 3 ] DEBUG Engine               - actualHeight: 600.0
21:49:34.572 [FXGL Background Thread 3 ] DEBUG Engine               - actualHeightProperty: ReadOnlyDoubleProperty [value: 600.0]
21:49:34.572 [FXGL Background Thread 3 ] DEBUG Engine               - actualWidth: 800.0
21:49:34.572 [FXGL Background Thread 3 ] DEBUG Engine               - actualWidthProperty: ReadOnlyDoubleProperty [value: 800.0]
21:49:34.572 [FXGL Background Thread 3 ] DEBUG Engine               - appIcon: fxgl_icon.png
21:49:34.572 [FXGL Background Thread 3 ] DEBUG Engine               - applicationMode: DEVELOPER
21:49:34.572 [FXGL Background Thread 3 ] DEBUG Engine               - cSSList: [fxgl_dark.css]
21:49:34.572 [FXGL Background Thread 3 ] DEBUG Engine               - collisionDetectionStrategy: BRUTE_FORCE
21:49:34.572 [FXGL Background Thread 3 ] DEBUG Engine               - configClass: Optional.empty
21:49:34.572 [FXGL Background Thread 3 ] DEBUG Engine               - credits: []
21:49:34.573 [FXGL Background Thread 3 ] DEBUG Engine               - defaultCursor: CursorInfo(imageName=fxgl_default_cursor.png, hotspotX=7.0, hotspotY=6.0)
21:49:34.573 [FXGL Background Thread 3 ] DEBUG Engine               - devBBoxColorProperty: ObjectProperty [value: 0xff0000ff]
21:49:34.574 [FXGL Background Thread 3 ] DEBUG Engine               - devEnableDebugCameraProperty: BooleanProperty [value: false]
21:49:34.574 [FXGL Background Thread 3 ] DEBUG Engine               - devSensorColorProperty: ObjectProperty [value: 0xffff00ff]
21:49:34.574 [FXGL Background Thread 3 ] DEBUG Engine               - devShowBBoxProperty: BooleanProperty [value: false]
21:49:34.574 [FXGL Background Thread 3 ] DEBUG Engine               - devShowPositionProperty: BooleanProperty [value: false]
21:49:34.574 [FXGL Background Thread 3 ] DEBUG Engine               - enabledMenuItems: []
21:49:34.575 [FXGL Background Thread 3 ] DEBUG Engine               - engineServices: [class com.almasb.fxgl.app.services.FXGLAssetLoaderService, class com.almasb.fxgl.app.FXGLApplication$GameApplicationService, class com.almasb.fxgl.app.services.FXGLDialogService, class com.almasb.fxgl.app.services.IOTaskExecutorService, class com.almasb.fxgl.io.FileSystemService, class com.almasb.fxgl.localization.LocalizationService, class com.almasb.fxgl.app.services.SystemBundleService, class com.almasb.fxgl.profile.SaveLoadService, class com.almasb.fxgl.ui.FXGLUIFactoryServiceProvider, class com.almasb.fxgl.ui.FXGLDialogFactoryServiceProvider, class com.almasb.fxgl.audio.AudioPlayer, class com.almasb.fxgl.notification.impl.NotificationServiceProvider, class com.almasb.fxgl.achievement.AchievementService, class com.almasb.fxgl.cutscene.CutsceneService, class com.almasb.fxgl.minigames.MiniGameService, class com.almasb.fxgl.net.NetService, class com.almasb.fxgl.app.services.UpdaterService, class com.almasb.fxgl.dev.DevService]
21:49:34.575 [FXGL Background Thread 3 ] DEBUG Engine               - fontGame: Abel-Regular.ttf
21:49:34.575 [FXGL Background Thread 3 ] DEBUG Engine               - fontMono: TerminalLandMono-Regular.otf
21:49:34.575 [FXGL Background Thread 3 ] DEBUG Engine               - fontText: Courier-Prime.ttf
21:49:34.575 [FXGL Background Thread 3 ] DEBUG Engine               - fontUI: VarelaRound-Regular.ttf
21:49:34.575 [FXGL Background Thread 3 ] DEBUG Engine               - fullScreen: BooleanProperty [value: false]
21:49:34.575 [FXGL Background Thread 3 ] DEBUG Engine               - gameDifficulty: MEDIUM
21:49:34.575 [FXGL Background Thread 3 ] DEBUG Engine               - gameDifficultyProperty: ObjectProperty [value: MEDIUM]
21:49:34.575 [FXGL Background Thread 3 ] DEBUG Engine               - globalMusicVolume: 0.5
21:49:34.575 [FXGL Background Thread 3 ] DEBUG Engine               - globalMusicVolumeProperty: DoubleProperty [value: 0.5]
21:49:34.575 [FXGL Background Thread 3 ] DEBUG Engine               - globalSoundVolume: 0.5
21:49:34.575 [FXGL Background Thread 3 ] DEBUG Engine               - globalSoundVolumeProperty: DoubleProperty [value: 0.5]
21:49:34.576 [FXGL Background Thread 3 ] DEBUG Engine               - height: 600
21:49:34.576 [FXGL Background Thread 3 ] DEBUG Engine               - is3D: false
21:49:34.576 [FXGL Background Thread 3 ] DEBUG Engine               - isAndroid: false
21:49:34.576 [FXGL Background Thread 3 ] DEBUG Engine               - isBrowser: false
21:49:34.576 [FXGL Background Thread 3 ] DEBUG Engine               - isClickFeedbackEnabled: false
21:49:34.577 [FXGL Background Thread 3 ] DEBUG Engine               - isCloseConfirmation: false
21:49:34.577 [FXGL Background Thread 3 ] DEBUG Engine               - isDesktop: true
21:49:34.577 [FXGL Background Thread 3 ] DEBUG Engine               - isDeveloperMenuEnabled: true
21:49:34.577 [FXGL Background Thread 3 ] DEBUG Engine               - isEmbedded: false
21:49:34.577 [FXGL Background Thread 3 ] DEBUG Engine               - isEntityPreloadEnabled: true
21:49:34.577 [FXGL Background Thread 3 ] DEBUG Engine               - isExperimentalTiledLargeMap: false
21:49:34.577 [FXGL Background Thread 3 ] DEBUG Engine               - isFileSystemWriteAllowed: true
21:49:34.577 [FXGL Background Thread 3 ] DEBUG Engine               - isFullScreenAllowed: false
21:49:34.577 [FXGL Background Thread 3 ] DEBUG Engine               - isFullScreenFromStart: false
21:49:34.577 [FXGL Background Thread 3 ] DEBUG Engine               - isGameMenuEnabled: true
21:49:34.577 [FXGL Background Thread 3 ] DEBUG Engine               - isIOS: false
21:49:34.577 [FXGL Background Thread 3 ] DEBUG Engine               - isIntroEnabled: false
21:49:34.577 [FXGL Background Thread 3 ] DEBUG Engine               - isLinux: false
21:49:34.577 [FXGL Background Thread 3 ] DEBUG Engine               - isMac: false
21:49:34.578 [FXGL Background Thread 3 ] DEBUG Engine               - isMainMenuEnabled: false
21:49:34.578 [FXGL Background Thread 3 ] DEBUG Engine               - isManualResizeEnabled: false
21:49:34.578 [FXGL Background Thread 3 ] DEBUG Engine               - isMobile: false
21:49:34.578 [FXGL Background Thread 3 ] DEBUG Engine               - isNative: false
21:49:34.578 [FXGL Background Thread 3 ] DEBUG Engine               - isPauseMusicWhenMinimized: true
21:49:34.578 [FXGL Background Thread 3 ] DEBUG Engine               - isPreserveResizeRatio: false
21:49:34.578 [FXGL Background Thread 3 ] DEBUG Engine               - isProfilingEnabled: false
21:49:34.578 [FXGL Background Thread 3 ] DEBUG Engine               - isScaleAffectedOnResize: true
21:49:34.579 [FXGL Background Thread 3 ] DEBUG Engine               - isSingleStep: false
21:49:34.579 [FXGL Background Thread 3 ] DEBUG Engine               - isUserProfileEnabled: false
21:49:34.579 [FXGL Background Thread 3 ] DEBUG Engine               - isWindows: true
21:49:34.579 [FXGL Background Thread 3 ] DEBUG Engine               - language: ObjectProperty [value: ENGLISH]
21:49:34.579 [FXGL Background Thread 3 ] DEBUG Engine               - menuKey: ESCAPE
21:49:34.580 [FXGL Background Thread 3 ] DEBUG Engine               - mouseSensitivity: 0.2
21:49:34.580 [FXGL Background Thread 3 ] DEBUG Engine               - notificationViewClass: class com.almasb.fxgl.notification.view.XboxNotificationView
21:49:34.581 [FXGL Background Thread 3 ] DEBUG Engine               - pixelsPerMeter: 50.0
21:49:34.581 [FXGL Background Thread 3 ] DEBUG Engine               - platform: WINDOWS
21:49:34.581 [FXGL Background Thread 3 ] DEBUG Engine               - prefHeightProperty: ReadOnlyDoubleProperty [value: 600.0]
21:49:34.581 [FXGL Background Thread 3 ] DEBUG Engine               - prefWidthProperty: ReadOnlyDoubleProperty [value: 800.0]
21:49:34.581 [FXGL Background Thread 3 ] DEBUG Engine               - profileDir: profiles/
21:49:34.581 [FXGL Background Thread 3 ] DEBUG Engine               - profileName: StringProperty [value: DEFAULT]
21:49:34.581 [FXGL Background Thread 3 ] DEBUG Engine               - randomSeed: -1
21:49:34.582 [FXGL Background Thread 3 ] DEBUG Engine               - runtimeInfo: RuntimeInfo(platform=WINDOWS, version=17.2, build=20.08.2022 16.50)
21:49:34.582 [FXGL Background Thread 3 ] DEBUG Engine               - saveFileExt: sav
21:49:34.582 [FXGL Background Thread 3 ] DEBUG Engine               - scaledHeightProp$fxgl: DoubleProperty [bound, value: 600.0]
21:49:34.583 [FXGL Background Thread 3 ] DEBUG Engine               - scaledWidthProp$fxgl: DoubleProperty [bound, value: 800.0]
21:49:34.583 [FXGL Background Thread 3 ] DEBUG Engine               - sceneFactory: com.almasb.fxgl.app.scene.SceneFactory@687926d5
21:49:34.583 [FXGL Background Thread 3 ] DEBUG Engine               - secondsIn24h: 60
21:49:34.583 [FXGL Background Thread 3 ] DEBUG Engine               - soundMenuBack: menu/back.wav
21:49:34.583 [FXGL Background Thread 3 ] DEBUG Engine               - soundMenuPress: menu/press.wav
21:49:34.583 [FXGL Background Thread 3 ] DEBUG Engine               - soundMenuSelect: menu/select.wav
21:49:34.583 [FXGL Background Thread 3 ] DEBUG Engine               - soundNotification: core/notification.wav
21:49:34.583 [FXGL Background Thread 3 ] DEBUG Engine               - stageStyle: DECORATED
21:49:34.583 [FXGL Background Thread 3 ] DEBUG Engine               - supportedLanguages: [ENGLISH, FRENCH, GERMAN, HUNGARIAN, RUSSIAN]
21:49:34.584 [FXGL Background Thread 3 ] DEBUG Engine               - ticksPerSecond: -1
21:49:34.584 [FXGL Background Thread 3 ] DEBUG Engine               - title: CLIMB MOUNT FUJI
21:49:34.584 [FXGL Background Thread 3 ] DEBUG Engine               - urlGithub: https://github.com/AlmasB/FXGL
21:49:34.584 [FXGL Background Thread 3 ] DEBUG Engine               - urlLeaderboard: http://fxgl-top.herokuapp.com/
21:49:34.584 [FXGL Background Thread 3 ] DEBUG Engine               - urlPOM: https://raw.githubusercontent.com/AlmasB/FXGL/release/README.md
21:49:34.584 [FXGL Background Thread 3 ] DEBUG Engine               - userAppClass: class com.aluber.ClimbMountFuji.MainApplication
21:49:34.584 [FXGL Background Thread 3 ] DEBUG Engine               - version: 0.0
21:49:34.584 [FXGL Background Thread 3 ] DEBUG Engine               - versionCheckDays: 7
21:49:34.585 [FXGL Background Thread 3 ] DEBUG Engine               - width: 800
21:49:34.585 [FXGL Background Thread 3 ] DEBUG Engine               - Logging services
21:49:34.585 [FXGL Background Thread 3 ] DEBUG Engine               - class com.almasb.fxgl.app.services.FXGLAssetLoaderService
21:49:34.585 [FXGL Background Thread 3 ] DEBUG Engine               - class com.almasb.fxgl.app.FXGLApplication$GameApplicationService
21:49:34.585 [FXGL Background Thread 3 ] DEBUG Engine               - class com.almasb.fxgl.app.services.FXGLDialogService
21:49:34.585 [FXGL Background Thread 3 ] DEBUG Engine               - class com.almasb.fxgl.app.services.IOTaskExecutorService
21:49:34.585 [FXGL Background Thread 3 ] DEBUG Engine               - class com.almasb.fxgl.io.FileSystemService
21:49:34.585 [FXGL Background Thread 3 ] DEBUG Engine               - class com.almasb.fxgl.localization.LocalizationService
21:49:34.585 [FXGL Background Thread 3 ] DEBUG Engine               - class com.almasb.fxgl.app.services.SystemBundleService
21:49:34.586 [FXGL Background Thread 3 ] DEBUG Engine               - class com.almasb.fxgl.profile.SaveLoadService
21:49:34.586 [FXGL Background Thread 3 ] DEBUG Engine               - class com.almasb.fxgl.ui.FXGLUIFactoryServiceProvider
21:49:34.586 [FXGL Background Thread 3 ] DEBUG Engine               - class com.almasb.fxgl.ui.FXGLDialogFactoryServiceProvider
21:49:34.586 [FXGL Background Thread 3 ] DEBUG Engine               - class com.almasb.fxgl.audio.AudioPlayer
21:49:34.586 [FXGL Background Thread 3 ] DEBUG Engine               - class com.almasb.fxgl.notification.impl.NotificationServiceProvider
21:49:34.586 [FXGL Background Thread 3 ] DEBUG Engine               - class com.almasb.fxgl.achievement.AchievementService
21:49:34.586 [FXGL Background Thread 3 ] DEBUG Engine               - class com.almasb.fxgl.cutscene.CutsceneService
21:49:34.586 [FXGL Background Thread 3 ] DEBUG Engine               - class com.almasb.fxgl.minigames.MiniGameService
21:49:34.586 [FXGL Background Thread 3 ] DEBUG Engine               - class com.almasb.fxgl.net.NetService
21:49:34.586 [FXGL Background Thread 3 ] DEBUG Engine               - class com.almasb.fxgl.app.services.UpdaterService
21:49:34.587 [FXGL Background Thread 3 ] DEBUG Engine               - class com.almasb.fxgl.dev.DevService
21:49:34.639 [FXGL Background Thread 1 ] DEBUG TilesetLoader        - Created buffer with size 18970.0x20090.0
21:49:34.790 [FXGL Background Thread 1 ] DEBUG TMXLevelLoader       - Creating object layer entities
21:49:34.840 [FXGL Background Thread 1 ] DEBUG GameWorld            - Clearing removable entities
21:49:34.843 [FXGL Background Thread 1 ] DEBUG GameWorld            - Setting level: com.almasb.fxgl.entity.level.Level@3cb4185e
21:49:34.845 [FXGL Background Thread 1 ] DEBUG FXGLAssetLoaderServi - Loading from file system: file:/D:/code/intellij/Climb-Mount-Fuji/target/classes/assets/textures/player.png
21:49:34.856 [FXGL Background Thread 1 ] WARN  GameWorld            - Entity is already attached to world
21:49:34.858 [FXGL Background Thread 1 ] INFO  FXGLApplication      - Game initialization took: 3,135 sec
21:49:34.864 [JavaFX Application Thread] DEBUG Input                - Clearing active input actions
21:49:34.882 [JavaFX Application Thread] DEBUG GameApplicationServi - Removing overlay from FXGLLoadingScene and adding to GameScene
21:49:34.890 [JavaFX Application Thread] DEBUG PrimaryStageWindow   - FXGLLoadingScene -> GameScene
21:49:35.048 [FXGL Background Thread 2 ] INFO  UpdaterService       - Your current version:  17.2
21:49:35.048 [FXGL Background Thread 2 ] INFO  UpdaterService       - Latest stable version: 21.1
21:50:48.770 [JavaFX Application Thread] DEBUG FXGLApplication      - Exiting FXGL
21:50:48.772 [JavaFX Application Thread] DEBUG LoopRunner           - Stopping loop
21:50:48.772 [JavaFX Application Thread] DEBUG SystemBundleService  - Saving FXGL system data
21:50:48.784 [JavaFX Application Thread] DEBUG FileSystemAccess     - Writing to: D:\code\intellij\Climb-Mount-Fuji\system\fxgl.bundle
21:50:48.799 [JavaFX Application Thread] DEBUG Async                - Shutting down background threads
21:50:48.801 [JavaFX Application Thread] DEBUG PrimaryStageWindow   - Closing main window
21:50:52.230 [JavaFX Application Thread] DEBUG Logger               - Closing Logger
