12:02:59.082 [main                     ] DEBUG Logger               - Configured Logger
12:02:59.099 [main                     ] DEBUG GameApplication      - Logging settings
Title: CLIMB MOUNT FUJI
Version: 0.0
Width: 800
Height: 600
Fullscreen: false
Intro: false
Profiling: false
Single step:false
App Mode: DEVELOPER
Menu Key: ESCAPE
Stage Style: DECORATED
Scene Factory: class com.almasb.fxgl.app.scene.SceneFactory

12:02:59.354 [JavaFX Application Thread] DEBUG FXGLApplication      - Initializing FXGL
12:02:59.356 [JavaFX Application Thread] INFO  Engine               - FXGL-17.2 (20.08.2022 16.50) on WINDOWS (J:23 FX:21.0.2)
12:02:59.356 [JavaFX Application Thread] DEBUG Engine               - JRE Vendor Name: Oracle Corporation
12:02:59.357 [JavaFX Application Thread] DEBUG Engine               - Running on OS: Windows 11 version 10.0
12:02:59.357 [JavaFX Application Thread] DEBUG Engine               - Architecture: amd64
12:02:59.357 [JavaFX Application Thread] INFO  Engine               - Source code and latest versions at: https://github.com/AlmasB/FXGL
12:02:59.357 [JavaFX Application Thread] INFO  Engine               -       Ask questions and discuss at: https://github.com/AlmasB/FXGL/discussions
12:02:59.357 [JavaFX Application Thread] INFO  Engine               -              Join the FXGL chat at: https://gitter.im/AlmasB/FXGL
12:02:59.426 [JavaFX Application Thread] DEBUG PrimaryStageWindow   - Creating a JavaFX scene
12:02:59.457 [JavaFX Application Thread] DEBUG PrimaryStageWindow   - Target settings size: 800.0 x 600.0
12:02:59.457 [JavaFX Application Thread] DEBUG PrimaryStageWindow   - Scaled scene size:    800.0 x 600.0
12:02:59.457 [JavaFX Application Thread] DEBUG PrimaryStageWindow   - Scaled ratio: (1.0, 1.0)
12:02:59.458 [JavaFX Application Thread] DEBUG PrimaryStageWindow   - Set initial scene to FXGLStartupScene
12:02:59.460 [JavaFX Application Thread] DEBUG PrimaryStageWindow   - Opening main window
12:02:59.517 [JavaFX Application Thread] DEBUG PrimaryStageWindow   - Window border size: (16.0, 39.0)
12:02:59.517 [JavaFX Application Thread] DEBUG PrimaryStageWindow   - Scaled size: 800.0 x 600.0
12:02:59.517 [JavaFX Application Thread] DEBUG PrimaryStageWindow   - Scaled ratio: (1.0, 1.0)
12:02:59.517 [JavaFX Application Thread] DEBUG PrimaryStageWindow   - Scene size: 800.0 x 600.0
12:02:59.518 [JavaFX Application Thread] DEBUG PrimaryStageWindow   - Stage size: 816.0 x 639.0
12:02:59.522 [FXGL Background Thread 1 ] DEBUG Engine               - Initializing environment variables
12:02:59.563 [FXGL Background Thread 1 ] DEBUG FXGLAssetLoaderServi - User app class for loading assets: class com.aluber.ClimbMountFuji.MainApplication
12:02:59.563 [FXGL Background Thread 1 ] DEBUG GameApplicationServi - Applying CSS: fxgl_dark.css
12:02:59.563 [FXGL Background Thread 1 ] DEBUG FXGLAssetLoaderServi - Loading from file system: jar:file:/C:/Users/Utente/.m2/repository/com/github/almasb/fxgl/17.2/fxgl-17.2.jar!/fxglassets/ui/css/fxgl_dark.css
12:02:59.588 [FXGL Background Thread 1 ] DEBUG GameApplicationServi - Initializing application scenes
12:02:59.630 [FXGL Background Thread 1 ] DEBUG GameWorld            - Game world initialized
12:02:59.691 [FXGL Background Thread 1 ] DEBUG PhysicsWorld         - Physics world initialized: appHeight=600, physics.ppm=50,0
12:02:59.691 [FXGL Background Thread 1 ] DEBUG PhysicsWorld         - Using strategy: BRUTE_FORCE
12:02:59.694 [FXGL Background Thread 1 ] DEBUG GameScene            - Game scene initialized: 800x600
12:02:59.700 [FXGL Background Thread 1 ] DEBUG FXGL.DefaultMenu     - createMenuBodyGameMenu()
12:02:59.709 [FXGL Background Thread 1 ] DEBUG FXGL.DefaultMenu     - createOptionsMenu()
12:02:59.715 [FXGL Background Thread 1 ] DEBUG FXGLAssetLoaderServi - Loading from file system: jar:file:/C:/Users/Utente/.m2/repository/com/github/almasb/fxgl/17.2/fxgl-17.2.jar!/fxglassets/textures/particles/smoke.png
12:02:59.786 [FXGL Background Thread 1 ] DEBUG FXGLAssetLoaderServi - Loading from file system: jar:file:/C:/Users/Utente/.m2/repository/com/github/almasb/fxgl/17.2/fxgl-17.2.jar!/fxglassets/textures/particles/trace_horizontal.png
12:02:59.806 [FXGL Background Thread 1 ] DEBUG GameApplicationServi - Application scenes initialized
12:02:59.814 [FXGL Background Thread 1 ] DEBUG SystemBundleService  - Loading FXGL system data
12:02:59.816 [FXGL Background Thread 1 ] DEBUG FileSystemAccess     - Reading from: C:\Users\Utente\climb-mount-fuji\system\fxgl.bundle
12:02:59.820 [FXGL Background Thread 1 ] DEBUG SystemBundleService  - Bundle FXGL: {}
12:02:59.820 [FXGL Background Thread 1 ] DEBUG UpdaterService       - Checking for updates
12:02:59.822 [FXGL Background Thread 4 ] DEBUG FXGLApplication      - Loading fonts
12:02:59.822 [FXGL Background Thread 1 ] DEBUG FXGLApplication      - Loading default localization
12:02:59.822 [FXGL Background Thread 4 ] DEBUG FXGLAssetLoaderServi - Loading from file system: jar:file:/C:/Users/Utente/.m2/repository/com/github/almasb/fxgl/17.2/fxgl-17.2.jar!/fxglassets/ui/fonts/VarelaRound-Regular.ttf
12:02:59.822 [FXGL Background Thread 1 ] DEBUG FXGLAssetLoaderServi - Loading from file system: jar:file:/C:/Users/Utente/.m2/repository/com/github/almasb/fxgl/17.2/fxgl-17.2.jar!/fxglassets/languages/english.lang
12:02:59.865 [FXGL Background Thread 4 ] DEBUG FXGLAssetLoaderServi - Loading from file system: jar:file:/C:/Users/Utente/.m2/repository/com/github/almasb/fxgl/17.2/fxgl-17.2.jar!/fxglassets/ui/fonts/Abel-Regular.ttf
12:02:59.870 [FXGL Background Thread 4 ] DEBUG FXGLAssetLoaderServi - Loading from file system: jar:file:/C:/Users/Utente/.m2/repository/com/github/almasb/fxgl/17.2/fxgl-17.2.jar!/fxglassets/ui/fonts/TerminalLandMono-Regular.otf
12:02:59.870 [FXGL Background Thread 1 ] INFO  FXGLApplication      - FXGL initialization took: 0,349 sec
12:02:59.870 [JavaFX Application Thread] DEBUG FXGLAssetLoaderServi - Loading from file system: jar:file:/C:/Users/Utente/.m2/repository/com/github/almasb/fxgl/17.2/fxgl-17.2.jar!/fxglassets/textures/fxgl_icon.png
12:02:59.877 [FXGL Background Thread 4 ] DEBUG FXGLAssetLoaderServi - Loading from file system: jar:file:/C:/Users/Utente/.m2/repository/com/github/almasb/fxgl/17.2/fxgl-17.2.jar!/fxglassets/ui/fonts/Courier-Prime.ttf
12:02:59.890 [JavaFX Application Thread] DEBUG FXGLAssetLoaderServi - Loading from file system: jar:file:/C:/Users/Utente/.m2/repository/com/github/almasb/fxgl/17.2/fxgl-17.2.jar!/fxglassets/textures/fxgl_default_cursor.png
12:02:59.908 [JavaFX Application Thread] DEBUG Input                - Registered new binding: Screenshot - CTRL+8
12:02:59.908 [JavaFX Application Thread] DEBUG Input                - Registered new binding: System info dump - CTRL+9
12:02:59.909 [JavaFX Application Thread] DEBUG Input                - Registered new binding: Restart - CTRL+R
12:02:59.910 [JavaFX Application Thread] DEBUG Input                - Registered new binding: Toggle Debug Camera - CTRL+7
12:02:59.917 [JavaFX Application Thread] DEBUG LoopRunner           - Starting loop
12:02:59.917 [JavaFX Application Thread] DEBUG LoopRunner           - Initializing JavaFX AnimationTimerLoop
12:02:59.920 [JavaFX Application Thread] DEBUG GameApplicationServi - Starting new game
12:02:59.922 [JavaFX Application Thread] DEBUG Input                - Clearing active input actions
12:02:59.932 [JavaFX Application Thread] DEBUG GameApplicationServi - Removing overlay from FXGLStartupScene and adding to FXGLLoadingScene
12:02:59.932 [JavaFX Application Thread] DEBUG PrimaryStageWindow   - FXGLStartupScene -> FXGLLoadingScene
12:02:59.932 [JavaFX Application Thread] DEBUG GameApplicationServi - Clearing previous game
12:02:59.932 [JavaFX Application Thread] DEBUG GameScene            - Clearing game scene
12:02:59.932 [JavaFX Application Thread] DEBUG GameWorld            - Clearing game world
12:02:59.932 [JavaFX Application Thread] DEBUG PhysicsWorld         - Clearing physics world
12:02:59.934 [FXGL Background Thread 4 ] DEBUG FXGLApplication      - Initializing game
12:02:59.934 [JavaFX Application Thread] DEBUG FXGLApplication      - Registering font factories with UI factory
12:02:59.972 [JavaFX Application Thread] DEBUG LoopRunner           - Stopping loop
12:02:59.975 [JavaFX Application Thread] FATAL FXGLApplication      - Uncaught Exception:
java.lang.RuntimeException: Initialization failed
	at com.almasb.fxgl.app.FXGLApplication$InitAppTask.failed(FXGLApplication.kt:343)
	at javafx.concurrent.Task.setState(Task.java:710)
	at javafx.concurrent.Task$TaskCallable.lambda$call$2(Task.java:1429)
	at com.sun.javafx.application.PlatformImpl.lambda$runLater$10(PlatformImpl.java:456)
	at java.base/java.security.AccessController.doPrivileged(AccessController.java:400)
	at com.sun.javafx.application.PlatformImpl.lambda$runLater$11(PlatformImpl.java:455)
	at com.sun.glass.ui.InvokeLaterDispatcher$Future.run(InvokeLaterDispatcher.java:95)
	at com.sun.glass.ui.win.WinApplication._runLoop(Native Method)
	at com.sun.glass.ui.win.WinApplication.lambda$runLoop$3(WinApplication.java:185)
	at java.base/java.lang.Thread.run(Thread.java:1575)
Caused by: java.lang.IllegalArgumentException: Key width has no associated value!
	at com.almasb.fxgl.entity.SpawnData.get(SpawnData.kt:35)
	at com.aluber.ClimbMountFuji.Factory.newPlayer(Factory.java:19)
	at java.base/jdk.internal.reflect.DirectMethodHandleAccessor.invoke(DirectMethodHandleAccessor.java:103)
	at java.base/java.lang.reflect.Method.invoke(Method.java:580)
	at com.almasb.fxgl.core.reflect.ReflectionUtils.call(ReflectionUtils.java:104)
	at com.almasb.fxgl.core.reflect.ReflectionUtils.lambda$mapToFunction$3(ReflectionUtils.java:111)
	at com.almasb.fxgl.entity.GameWorld$create$2.invoke(GameWorld.kt:430)
	at com.almasb.fxgl.entity.GameWorld$create$2.invoke(GameWorld.kt:430)
	at com.almasb.fxgl.core.util.DSLKt.tryCatchRoot(DSL.kt:34)
	at com.almasb.fxgl.entity.GameWorld.create(GameWorld.kt:430)
	at com.almasb.fxgl.entity.GameWorld.spawn(GameWorld.kt:396)
	at com.almasb.fxgl.entity.GameWorld.spawn(GameWorld.kt:384)
	at com.aluber.ClimbMountFuji.MainApplication.initGame(MainApplication.java:31)
	at com.almasb.fxgl.app.FXGLApplication$InitAppTask.initGame(FXGLApplication.kt:339)
	at com.almasb.fxgl.app.FXGLApplication$InitAppTask.call(FXGLApplication.kt:319)
	at com.almasb.fxgl.app.FXGLApplication$InitAppTask.call(FXGLApplication.kt:311)
	at javafx.concurrent.Task$TaskCallable.call(Task.java:1399)
	at java.base/java.util.concurrent.FutureTask.run(FutureTask.java:317)
	at java.base/java.util.concurrent.Executors$RunnableAdapter.call(Executors.java:572)
	at java.base/java.util.concurrent.FutureTask.run(FutureTask.java:317)
	at java.base/java.util.concurrent.ThreadPoolExecutor.runWorker(ThreadPoolExecutor.java:1144)
	at java.base/java.util.concurrent.ThreadPoolExecutor$Worker.run(ThreadPoolExecutor.java:642)
	... 1 more

12:02:59.975 [JavaFX Application Thread] FATAL FXGLApplication      - Application will now exit
12:02:59.987 [JavaFX Application Thread] DEBUG PrimaryStageWindow   - Push state: ErrorSubScene
12:02:59.987 [JavaFX Application Thread] DEBUG Input                - Clearing active input actions
12:02:59.993 [JavaFX Application Thread] DEBUG GameApplicationServi - Removing overlay from FXGLLoadingScene and adding to ErrorSubScene
12:02:59.993 [JavaFX Application Thread] DEBUG PrimaryStageWindow   - FXGLLoadingScene -> ErrorSubScene
12:03:00.224 [FXGL Background Thread 2 ] INFO  UpdaterService       - Your current version:  17.2
12:03:00.224 [FXGL Background Thread 2 ] INFO  UpdaterService       - Latest stable version: 21.1
12:03:02.822 [FXGL Background Thread 3 ] DEBUG Engine               - Logging environment variables
12:03:02.822 [FXGL Background Thread 3 ] DEBUG Engine               - achievements: []
12:03:02.822 [FXGL Background Thread 3 ] DEBUG Engine               - actualHeight: 600.0
12:03:02.822 [FXGL Background Thread 3 ] DEBUG Engine               - actualHeightProperty: ReadOnlyDoubleProperty [value: 600.0]
12:03:02.822 [FXGL Background Thread 3 ] DEBUG Engine               - actualWidth: 800.0
12:03:02.822 [FXGL Background Thread 3 ] DEBUG Engine               - actualWidthProperty: ReadOnlyDoubleProperty [value: 800.0]
12:03:02.822 [FXGL Background Thread 3 ] DEBUG Engine               - appIcon: fxgl_icon.png
12:03:02.822 [FXGL Background Thread 3 ] DEBUG Engine               - applicationMode: DEVELOPER
12:03:02.822 [FXGL Background Thread 3 ] DEBUG Engine               - cSSList: [fxgl_dark.css]
12:03:02.822 [FXGL Background Thread 3 ] DEBUG Engine               - collisionDetectionStrategy: BRUTE_FORCE
12:03:02.822 [FXGL Background Thread 3 ] DEBUG Engine               - configClass: Optional.empty
12:03:02.822 [FXGL Background Thread 3 ] DEBUG Engine               - credits: []
12:03:02.823 [FXGL Background Thread 3 ] DEBUG Engine               - defaultCursor: CursorInfo(imageName=fxgl_default_cursor.png, hotspotX=7.0, hotspotY=6.0)
12:03:02.823 [FXGL Background Thread 3 ] DEBUG Engine               - devBBoxColorProperty: ObjectProperty [value: 0xff0000ff]
12:03:02.823 [FXGL Background Thread 3 ] DEBUG Engine               - devEnableDebugCameraProperty: BooleanProperty [value: false]
12:03:02.823 [FXGL Background Thread 3 ] DEBUG Engine               - devSensorColorProperty: ObjectProperty [value: 0xffff00ff]
12:03:02.823 [FXGL Background Thread 3 ] DEBUG Engine               - devShowBBoxProperty: BooleanProperty [value: false]
12:03:02.823 [FXGL Background Thread 3 ] DEBUG Engine               - devShowPositionProperty: BooleanProperty [value: false]
12:03:02.823 [FXGL Background Thread 3 ] DEBUG Engine               - enabledMenuItems: []
12:03:02.823 [FXGL Background Thread 3 ] DEBUG Engine               - engineServices: [class com.almasb.fxgl.app.services.FXGLAssetLoaderService, class com.almasb.fxgl.app.FXGLApplication$GameApplicationService, class com.almasb.fxgl.app.services.FXGLDialogService, class com.almasb.fxgl.app.services.IOTaskExecutorService, class com.almasb.fxgl.io.FileSystemService, class com.almasb.fxgl.localization.LocalizationService, class com.almasb.fxgl.app.services.SystemBundleService, class com.almasb.fxgl.profile.SaveLoadService, class com.almasb.fxgl.ui.FXGLUIFactoryServiceProvider, class com.almasb.fxgl.ui.FXGLDialogFactoryServiceProvider, class com.almasb.fxgl.audio.AudioPlayer, class com.almasb.fxgl.notification.impl.NotificationServiceProvider, class com.almasb.fxgl.achievement.AchievementService, class com.almasb.fxgl.cutscene.CutsceneService, class com.almasb.fxgl.minigames.MiniGameService, class com.almasb.fxgl.net.NetService, class com.almasb.fxgl.app.services.UpdaterService, class com.almasb.fxgl.dev.DevService]
12:03:02.823 [FXGL Background Thread 3 ] DEBUG Engine               - fontGame: Abel-Regular.ttf
12:03:02.823 [FXGL Background Thread 3 ] DEBUG Engine               - fontMono: TerminalLandMono-Regular.otf
12:03:02.823 [FXGL Background Thread 3 ] DEBUG Engine               - fontText: Courier-Prime.ttf
12:03:02.823 [FXGL Background Thread 3 ] DEBUG Engine               - fontUI: VarelaRound-Regular.ttf
12:03:02.823 [FXGL Background Thread 3 ] DEBUG Engine               - fullScreen: BooleanProperty [value: false]
12:03:02.823 [FXGL Background Thread 3 ] DEBUG Engine               - gameDifficulty: MEDIUM
12:03:02.823 [FXGL Background Thread 3 ] DEBUG Engine               - gameDifficultyProperty: ObjectProperty [value: MEDIUM]
12:03:02.823 [FXGL Background Thread 3 ] DEBUG Engine               - globalMusicVolume: 0.5
12:03:02.823 [FXGL Background Thread 3 ] DEBUG Engine               - globalMusicVolumeProperty: DoubleProperty [value: 0.5]
12:03:02.823 [FXGL Background Thread 3 ] DEBUG Engine               - globalSoundVolume: 0.5
12:03:02.823 [FXGL Background Thread 3 ] DEBUG Engine               - globalSoundVolumeProperty: DoubleProperty [value: 0.5]
12:03:02.823 [FXGL Background Thread 3 ] DEBUG Engine               - height: 600
12:03:02.823 [FXGL Background Thread 3 ] DEBUG Engine               - is3D: false
12:03:02.823 [FXGL Background Thread 3 ] DEBUG Engine               - isAndroid: false
12:03:02.823 [FXGL Background Thread 3 ] DEBUG Engine               - isBrowser: false
12:03:02.823 [FXGL Background Thread 3 ] DEBUG Engine               - isClickFeedbackEnabled: false
12:03:02.823 [FXGL Background Thread 3 ] DEBUG Engine               - isCloseConfirmation: false
12:03:02.823 [FXGL Background Thread 3 ] DEBUG Engine               - isDesktop: true
12:03:02.823 [FXGL Background Thread 3 ] DEBUG Engine               - isDeveloperMenuEnabled: false
12:03:02.824 [FXGL Background Thread 3 ] DEBUG Engine               - isEmbedded: false
12:03:02.824 [FXGL Background Thread 3 ] DEBUG Engine               - isEntityPreloadEnabled: true
12:03:02.824 [FXGL Background Thread 3 ] DEBUG Engine               - isExperimentalTiledLargeMap: false
12:03:02.824 [FXGL Background Thread 3 ] DEBUG Engine               - isFileSystemWriteAllowed: true
12:03:02.824 [FXGL Background Thread 3 ] DEBUG Engine               - isFullScreenAllowed: false
12:03:02.824 [FXGL Background Thread 3 ] DEBUG Engine               - isFullScreenFromStart: false
12:03:02.824 [FXGL Background Thread 3 ] DEBUG Engine               - isGameMenuEnabled: true
12:03:02.824 [FXGL Background Thread 3 ] DEBUG Engine               - isIOS: false
12:03:02.824 [FXGL Background Thread 3 ] DEBUG Engine               - isIntroEnabled: false
12:03:02.824 [FXGL Background Thread 3 ] DEBUG Engine               - isLinux: false
12:03:02.824 [FXGL Background Thread 3 ] DEBUG Engine               - isMac: false
12:03:02.824 [FXGL Background Thread 3 ] DEBUG Engine               - isMainMenuEnabled: false
12:03:02.824 [FXGL Background Thread 3 ] DEBUG Engine               - isManualResizeEnabled: false
12:03:02.824 [FXGL Background Thread 3 ] DEBUG Engine               - isMobile: false
12:03:02.824 [FXGL Background Thread 3 ] DEBUG Engine               - isNative: false
12:03:02.824 [FXGL Background Thread 3 ] DEBUG Engine               - isPauseMusicWhenMinimized: true
12:03:02.824 [FXGL Background Thread 3 ] DEBUG Engine               - isPreserveResizeRatio: false
12:03:02.824 [FXGL Background Thread 3 ] DEBUG Engine               - isProfilingEnabled: false
12:03:02.824 [FXGL Background Thread 3 ] DEBUG Engine               - isScaleAffectedOnResize: true
12:03:02.824 [FXGL Background Thread 3 ] DEBUG Engine               - isSingleStep: false
12:03:02.824 [FXGL Background Thread 3 ] DEBUG Engine               - isUserProfileEnabled: false
12:03:02.824 [FXGL Background Thread 3 ] DEBUG Engine               - isWindows: true
12:03:02.824 [FXGL Background Thread 3 ] DEBUG Engine               - language: ObjectProperty [value: ENGLISH]
12:03:02.824 [FXGL Background Thread 3 ] DEBUG Engine               - menuKey: ESCAPE
12:03:02.824 [FXGL Background Thread 3 ] DEBUG Engine               - mouseSensitivity: 0.2
12:03:02.824 [FXGL Background Thread 3 ] DEBUG Engine               - notificationViewClass: class com.almasb.fxgl.notification.view.XboxNotificationView
12:03:02.824 [FXGL Background Thread 3 ] DEBUG Engine               - pixelsPerMeter: 50.0
12:03:02.824 [FXGL Background Thread 3 ] DEBUG Engine               - platform: WINDOWS
12:03:02.824 [FXGL Background Thread 3 ] DEBUG Engine               - prefHeightProperty: ReadOnlyDoubleProperty [value: 600.0]
12:03:02.824 [FXGL Background Thread 3 ] DEBUG Engine               - prefWidthProperty: ReadOnlyDoubleProperty [value: 800.0]
12:03:02.824 [FXGL Background Thread 3 ] DEBUG Engine               - profileDir: profiles/
12:03:02.824 [FXGL Background Thread 3 ] DEBUG Engine               - profileName: StringProperty [value: DEFAULT]
12:03:02.824 [FXGL Background Thread 3 ] DEBUG Engine               - randomSeed: -1
12:03:02.824 [FXGL Background Thread 3 ] DEBUG Engine               - runtimeInfo: RuntimeInfo(platform=WINDOWS, version=17.2, build=20.08.2022 16.50)
12:03:02.824 [FXGL Background Thread 3 ] DEBUG Engine               - saveFileExt: sav
12:03:02.824 [FXGL Background Thread 3 ] DEBUG Engine               - scaledHeightProp$fxgl: DoubleProperty [bound, value: 600.0]
12:03:02.824 [FXGL Background Thread 3 ] DEBUG Engine               - scaledWidthProp$fxgl: DoubleProperty [bound, value: 800.0]
12:03:02.824 [FXGL Background Thread 3 ] DEBUG Engine               - sceneFactory: com.almasb.fxgl.app.scene.SceneFactory@743be489
12:03:02.825 [FXGL Background Thread 3 ] DEBUG Engine               - secondsIn24h: 60
12:03:02.825 [FXGL Background Thread 3 ] DEBUG Engine               - soundMenuBack: menu/back.wav
12:03:02.825 [FXGL Background Thread 3 ] DEBUG Engine               - soundMenuPress: menu/press.wav
12:03:02.825 [FXGL Background Thread 3 ] DEBUG Engine               - soundMenuSelect: menu/select.wav
12:03:02.825 [FXGL Background Thread 3 ] DEBUG Engine               - soundNotification: core/notification.wav
12:03:02.825 [FXGL Background Thread 3 ] DEBUG Engine               - stageStyle: DECORATED
12:03:02.825 [FXGL Background Thread 3 ] DEBUG Engine               - supportedLanguages: [ENGLISH, FRENCH, GERMAN, HUNGARIAN, RUSSIAN]
12:03:02.825 [FXGL Background Thread 3 ] DEBUG Engine               - ticksPerSecond: -1
12:03:02.825 [FXGL Background Thread 3 ] DEBUG Engine               - title: CLIMB MOUNT FUJI
12:03:02.825 [FXGL Background Thread 3 ] DEBUG Engine               - urlGithub: https://github.com/AlmasB/FXGL
12:03:02.825 [FXGL Background Thread 3 ] DEBUG Engine               - urlLeaderboard: http://fxgl-top.herokuapp.com/
12:03:02.825 [FXGL Background Thread 3 ] DEBUG Engine               - urlPOM: https://raw.githubusercontent.com/AlmasB/FXGL/release/README.md
12:03:02.825 [FXGL Background Thread 3 ] DEBUG Engine               - userAppClass: class com.aluber.ClimbMountFuji.MainApplication
12:03:02.825 [FXGL Background Thread 3 ] DEBUG Engine               - version: 0.0
12:03:02.825 [FXGL Background Thread 3 ] DEBUG Engine               - versionCheckDays: 7
12:03:02.825 [FXGL Background Thread 3 ] DEBUG Engine               - width: 800
12:03:02.825 [FXGL Background Thread 3 ] DEBUG Engine               - Logging services
12:03:02.825 [FXGL Background Thread 3 ] DEBUG Engine               - class com.almasb.fxgl.app.services.FXGLAssetLoaderService
12:03:02.825 [FXGL Background Thread 3 ] DEBUG Engine               - class com.almasb.fxgl.app.FXGLApplication$GameApplicationService
12:03:02.825 [FXGL Background Thread 3 ] DEBUG Engine               - class com.almasb.fxgl.app.services.FXGLDialogService
12:03:02.825 [FXGL Background Thread 3 ] DEBUG Engine               - class com.almasb.fxgl.app.services.IOTaskExecutorService
12:03:02.825 [FXGL Background Thread 3 ] DEBUG Engine               - class com.almasb.fxgl.io.FileSystemService
12:03:02.825 [FXGL Background Thread 3 ] DEBUG Engine               - class com.almasb.fxgl.localization.LocalizationService
12:03:02.825 [FXGL Background Thread 3 ] DEBUG Engine               - class com.almasb.fxgl.app.services.SystemBundleService
12:03:02.825 [FXGL Background Thread 3 ] DEBUG Engine               - class com.almasb.fxgl.profile.SaveLoadService
12:03:02.825 [FXGL Background Thread 3 ] DEBUG Engine               - class com.almasb.fxgl.ui.FXGLUIFactoryServiceProvider
12:03:02.825 [FXGL Background Thread 3 ] DEBUG Engine               - class com.almasb.fxgl.ui.FXGLDialogFactoryServiceProvider
12:03:02.825 [FXGL Background Thread 3 ] DEBUG Engine               - class com.almasb.fxgl.audio.AudioPlayer
12:03:02.825 [FXGL Background Thread 3 ] DEBUG Engine               - class com.almasb.fxgl.notification.impl.NotificationServiceProvider
12:03:02.825 [FXGL Background Thread 3 ] DEBUG Engine               - class com.almasb.fxgl.achievement.AchievementService
12:03:02.825 [FXGL Background Thread 3 ] DEBUG Engine               - class com.almasb.fxgl.cutscene.CutsceneService
12:03:02.825 [FXGL Background Thread 3 ] DEBUG Engine               - class com.almasb.fxgl.minigames.MiniGameService
12:03:02.825 [FXGL Background Thread 3 ] DEBUG Engine               - class com.almasb.fxgl.net.NetService
12:03:02.825 [FXGL Background Thread 3 ] DEBUG Engine               - class com.almasb.fxgl.app.services.UpdaterService
12:03:02.825 [FXGL Background Thread 3 ] DEBUG Engine               - class com.almasb.fxgl.dev.DevService
12:03:05.182 [JavaFX Application Thread] DEBUG FXGLApplication      - Exiting FXGL
12:03:05.182 [JavaFX Application Thread] DEBUG Async                - Shutting down background threads
12:03:05.182 [JavaFX Application Thread] DEBUG PrimaryStageWindow   - Closing main window
12:03:05.208 [JavaFX Application Thread] DEBUG Logger               - Closing Logger
