14:44:02.065 [main                     ] DEBUG Logger               - Configured Logger
14:44:02.105 [main                     ] DEBUG GameApplication      - Logging settings
Title: CLIMB MOUNT FUJI
Version: 0.0
Width: 800
Height: 600
Fullscreen: false
Intro: false
Profiling: false
Single step:false
App Mode: DEVELOPER
Menu Key: ESCAPE
Stage Style: DECORATED
Scene Factory: class com.almasb.fxgl.app.scene.SceneFactory

14:44:02.656 [JavaFX Application Thread] DEBUG FXGLApplication      - Initializing FXGL
14:44:02.664 [JavaFX Application Thread] INFO  Engine               - FXGL-17.2 (20.08.2022 16.50) on WINDOWS (J:23.0.2 FX:21.0.2)
14:44:02.665 [JavaFX Application Thread] DEBUG Engine               - JRE Vendor Name: Oracle Corporation
14:44:02.665 [JavaFX Application Thread] DEBUG Engine               - Running on OS: Windows 10 version 10.0
14:44:02.665 [JavaFX Application Thread] DEBUG Engine               - Architecture: amd64
14:44:02.665 [JavaFX Application Thread] INFO  Engine               - Source code and latest versions at: https://github.com/AlmasB/FXGL
14:44:02.665 [JavaFX Application Thread] INFO  Engine               -       Ask questions and discuss at: https://github.com/AlmasB/FXGL/discussions
14:44:02.666 [JavaFX Application Thread] INFO  Engine               -              Join the FXGL chat at: https://gitter.im/AlmasB/FXGL
14:44:02.823 [JavaFX Application Thread] DEBUG PrimaryStageWindow   - Creating a JavaFX scene
14:44:02.893 [JavaFX Application Thread] DEBUG PrimaryStageWindow   - Target settings size: 800.0 x 600.0
14:44:02.894 [JavaFX Application Thread] DEBUG PrimaryStageWindow   - Scaled scene size:    800.0 x 600.0
14:44:02.895 [JavaFX Application Thread] DEBUG PrimaryStageWindow   - Scaled ratio: (1.0, 1.0)
14:44:02.896 [JavaFX Application Thread] DEBUG PrimaryStageWindow   - Set initial scene to FXGLStartupScene
14:44:02.902 [JavaFX Application Thread] DEBUG PrimaryStageWindow   - Opening main window
14:44:03.012 [JavaFX Application Thread] DEBUG PrimaryStageWindow   - Window border size: (14.4000244140625, 37.5999755859375)
14:44:03.012 [JavaFX Application Thread] DEBUG PrimaryStageWindow   - Scaled size: 800.0 x 600.0
14:44:03.013 [JavaFX Application Thread] DEBUG PrimaryStageWindow   - Scaled ratio: (1.0, 1.0)
14:44:03.013 [JavaFX Application Thread] DEBUG PrimaryStageWindow   - Scene size: 800.0 x 600.0
14:44:03.013 [JavaFX Application Thread] DEBUG PrimaryStageWindow   - Stage size: 814.4000244140625 x 637.5999755859375
14:44:03.021 [FXGL Background Thread 1 ] DEBUG Engine               - Initializing environment variables
14:44:03.139 [FXGL Background Thread 1 ] DEBUG FXGLAssetLoaderServi - User app class for loading assets: class com.aluber.ClimbMountFuji.MainApplication
14:44:03.140 [FXGL Background Thread 1 ] DEBUG GameApplicationServi - Applying CSS: fxgl_dark.css
14:44:03.141 [FXGL Background Thread 1 ] DEBUG FXGLAssetLoaderServi - Loading from file system: jar:file:/C:/Users/yfili/.m2/repository/com/github/almasb/fxgl/17.2/fxgl-17.2.jar!/fxglassets/ui/css/fxgl_dark.css
14:44:03.203 [FXGL Background Thread 1 ] DEBUG GameApplicationServi - Initializing application scenes
14:44:03.264 [FXGL Background Thread 1 ] DEBUG GameWorld            - Game world initialized
14:44:03.349 [FXGL Background Thread 1 ] DEBUG PhysicsWorld         - Physics world initialized: appHeight=600, physics.ppm=50,0
14:44:03.349 [FXGL Background Thread 1 ] DEBUG PhysicsWorld         - Using strategy: BRUTE_FORCE
14:44:03.354 [FXGL Background Thread 1 ] DEBUG GameScene            - Game scene initialized: 800x600
14:44:03.374 [FXGL Background Thread 1 ] DEBUG FXGL.DefaultMenu     - createMenuBodyGameMenu()
14:44:03.394 [FXGL Background Thread 1 ] DEBUG FXGL.DefaultMenu     - createOptionsMenu()
14:44:03.412 [FXGL Background Thread 1 ] DEBUG FXGLAssetLoaderServi - Loading from file system: jar:file:/C:/Users/yfili/.m2/repository/com/github/almasb/fxgl/17.2/fxgl-17.2.jar!/fxglassets/textures/particles/smoke.png
14:44:03.509 [FXGL Background Thread 1 ] DEBUG FXGLAssetLoaderServi - Loading from file system: jar:file:/C:/Users/yfili/.m2/repository/com/github/almasb/fxgl/17.2/fxgl-17.2.jar!/fxglassets/textures/particles/trace_horizontal.png
14:44:03.537 [FXGL Background Thread 1 ] DEBUG GameApplicationServi - Application scenes initialized
14:44:03.552 [FXGL Background Thread 1 ] DEBUG SystemBundleService  - Loading FXGL system data
14:44:03.557 [FXGL Background Thread 1 ] DEBUG FileSystemAccess     - Reading from: D:\code\intellij\Climb-Mount-Fuji\system\fxgl.bundle
14:44:03.565 [FXGL Background Thread 1 ] DEBUG SystemBundleService  - Bundle FXGL: {}
14:44:03.565 [FXGL Background Thread 1 ] DEBUG UpdaterService       - Checking for updates
14:44:03.570 [FXGL Background Thread 4 ] DEBUG FXGLApplication      - Loading fonts
14:44:03.570 [FXGL Background Thread 1 ] DEBUG FXGLApplication      - Loading default localization
14:44:03.570 [FXGL Background Thread 4 ] DEBUG FXGLAssetLoaderServi - Loading from file system: jar:file:/C:/Users/yfili/.m2/repository/com/github/almasb/fxgl/17.2/fxgl-17.2.jar!/fxglassets/ui/fonts/VarelaRound-Regular.ttf
14:44:03.571 [FXGL Background Thread 1 ] DEBUG FXGLAssetLoaderServi - Loading from file system: jar:file:/C:/Users/yfili/.m2/repository/com/github/almasb/fxgl/17.2/fxgl-17.2.jar!/fxglassets/languages/english.lang
14:44:03.596 [FXGL Background Thread 1 ] INFO  FXGLApplication      - FXGL initialization took: 0,575 sec
14:44:03.597 [JavaFX Application Thread] DEBUG FXGLAssetLoaderServi - Loading from file system: jar:file:/C:/Users/yfili/.m2/repository/com/github/almasb/fxgl/17.2/fxgl-17.2.jar!/fxglassets/textures/fxgl_icon.png
14:44:03.627 [FXGL Background Thread 4 ] DEBUG FXGLAssetLoaderServi - Loading from file system: jar:file:/C:/Users/yfili/.m2/repository/com/github/almasb/fxgl/17.2/fxgl-17.2.jar!/fxglassets/ui/fonts/Abel-Regular.ttf
14:44:03.628 [JavaFX Application Thread] DEBUG FXGLAssetLoaderServi - Loading from file system: jar:file:/C:/Users/yfili/.m2/repository/com/github/almasb/fxgl/17.2/fxgl-17.2.jar!/fxglassets/textures/fxgl_default_cursor.png
14:44:03.644 [JavaFX Application Thread] DEBUG Input                - Registered new binding: Screenshot - CTRL+8
14:44:03.646 [JavaFX Application Thread] DEBUG Input                - Registered new binding: System info dump - CTRL+9
14:44:03.646 [FXGL Background Thread 4 ] DEBUG FXGLAssetLoaderServi - Loading from file system: jar:file:/C:/Users/yfili/.m2/repository/com/github/almasb/fxgl/17.2/fxgl-17.2.jar!/fxglassets/ui/fonts/TerminalLandMono-Regular.otf
14:44:03.647 [JavaFX Application Thread] DEBUG Input                - Registered new binding: Restart - CTRL+R
14:44:03.648 [JavaFX Application Thread] DEBUG Input                - Registered new binding: Toggle Debug Camera - CTRL+7
14:44:03.653 [JavaFX Application Thread] DEBUG LoopRunner           - Starting loop
14:44:03.653 [JavaFX Application Thread] DEBUG LoopRunner           - Initializing JavaFX AnimationTimerLoop
14:44:03.655 [JavaFX Application Thread] DEBUG GameApplicationServi - Starting new game
14:44:03.656 [JavaFX Application Thread] DEBUG Input                - Clearing active input actions
14:44:03.666 [FXGL Background Thread 4 ] DEBUG FXGLAssetLoaderServi - Loading from file system: jar:file:/C:/Users/yfili/.m2/repository/com/github/almasb/fxgl/17.2/fxgl-17.2.jar!/fxglassets/ui/fonts/Courier-Prime.ttf
14:44:03.671 [JavaFX Application Thread] DEBUG GameApplicationServi - Removing overlay from FXGLStartupScene and adding to FXGLLoadingScene
14:44:03.671 [JavaFX Application Thread] DEBUG PrimaryStageWindow   - FXGLStartupScene -> FXGLLoadingScene
14:44:03.671 [JavaFX Application Thread] DEBUG GameApplicationServi - Clearing previous game
14:44:03.671 [JavaFX Application Thread] DEBUG GameScene            - Clearing game scene
14:44:03.671 [JavaFX Application Thread] DEBUG GameWorld            - Clearing game world
14:44:03.671 [JavaFX Application Thread] DEBUG PhysicsWorld         - Clearing physics world
14:44:03.674 [FXGL Background Thread 1 ] DEBUG FXGLApplication      - Initializing game
14:44:03.721 [FXGL Background Thread 1 ] INFO  FXGLApplication      - Game initialization took: 0,047 sec
14:44:03.740 [JavaFX Application Thread] DEBUG FXGLApplication      - Registering font factories with UI factory
14:44:03.742 [JavaFX Application Thread] DEBUG Input                - Clearing active input actions
14:44:03.751 [JavaFX Application Thread] DEBUG GameApplicationServi - Removing overlay from FXGLLoadingScene and adding to GameScene
14:44:03.752 [JavaFX Application Thread] DEBUG PrimaryStageWindow   - FXGLLoadingScene -> GameScene
14:44:04.180 [FXGL Background Thread 2 ] INFO  UpdaterService       - Your current version:  17.2
14:44:04.182 [FXGL Background Thread 2 ] INFO  UpdaterService       - Latest stable version: 21.1
14:44:04.996 [JavaFX Application Thread] DEBUG FXGLApplication      - Exiting FXGL
14:44:04.996 [JavaFX Application Thread] DEBUG LoopRunner           - Stopping loop
14:44:04.997 [JavaFX Application Thread] DEBUG SystemBundleService  - Saving FXGL system data
14:44:05.000 [JavaFX Application Thread] DEBUG FileSystemAccess     - Writing to: D:\code\intellij\Climb-Mount-Fuji\system\fxgl.bundle
14:44:05.004 [JavaFX Application Thread] DEBUG Async                - Shutting down background threads
14:44:05.004 [JavaFX Application Thread] DEBUG PrimaryStageWindow   - Closing main window
14:44:05.026 [JavaFX Application Thread] DEBUG Logger               - Closing Logger
