20:20:02.814 [main                     ] DEBUG Logger               - Configured Logger
20:20:02.850 [main                     ] DEBUG GameApplication      - Logging settings
Title: CLIMB MOUNT FUJI
Version: 0.0
Width: 800
Height: 600
Fullscreen: false
Intro: false
Profiling: false
Single step:false
App Mode: DEVELOPER
Menu Key: ESCAPE
Stage Style: DECORATED
Scene Factory: class com.almasb.fxgl.app.scene.SceneFactory

20:20:03.452 [JavaFX Application Thread] DEBUG FXGLApplication      - Initializing FXGL
20:20:03.458 [JavaFX Application Thread] INFO  Engine               - FXGL-17.2 (20.08.2022 16.50) on WINDOWS (J:23.0.2 FX:21.0.2)
20:20:03.458 [JavaFX Application Thread] DEBUG Engine               - JRE Vendor Name: Oracle Corporation
20:20:03.459 [JavaFX Application Thread] DEBUG Engine               - Running on OS: Windows 10 version 10.0
20:20:03.459 [JavaFX Application Thread] DEBUG Engine               - Architecture: amd64
20:20:03.459 [JavaFX Application Thread] INFO  Engine               - Source code and latest versions at: https://github.com/AlmasB/FXGL
20:20:03.459 [JavaFX Application Thread] INFO  Engine               -       Ask questions and discuss at: https://github.com/AlmasB/FXGL/discussions
20:20:03.460 [JavaFX Application Thread] INFO  Engine               -              Join the FXGL chat at: https://gitter.im/AlmasB/FXGL
20:20:03.731 [JavaFX Application Thread] DEBUG PrimaryStageWindow   - Creating a JavaFX scene
20:20:03.834 [JavaFX Application Thread] DEBUG PrimaryStageWindow   - Target settings size: 800.0 x 600.0
20:20:03.834 [JavaFX Application Thread] DEBUG PrimaryStageWindow   - Scaled scene size:    800.0 x 600.0
20:20:03.834 [JavaFX Application Thread] DEBUG PrimaryStageWindow   - Scaled ratio: (1.0, 1.0)
20:20:03.836 [JavaFX Application Thread] DEBUG PrimaryStageWindow   - Set initial scene to FXGLStartupScene
20:20:03.840 [JavaFX Application Thread] DEBUG PrimaryStageWindow   - Opening main window
20:20:03.973 [JavaFX Application Thread] DEBUG PrimaryStageWindow   - Window border size: (14.4000244140625, 37.5999755859375)
20:20:03.974 [JavaFX Application Thread] DEBUG PrimaryStageWindow   - Scaled size: 800.0 x 600.0
20:20:03.974 [JavaFX Application Thread] DEBUG PrimaryStageWindow   - Scaled ratio: (1.0, 1.0)
20:20:03.974 [JavaFX Application Thread] DEBUG PrimaryStageWindow   - Scene size: 800.0 x 600.0
20:20:03.975 [JavaFX Application Thread] DEBUG PrimaryStageWindow   - Stage size: 814.4000244140625 x 637.5999755859375
20:20:03.987 [FXGL Background Thread 1 ] DEBUG Engine               - Initializing environment variables
20:20:04.116 [FXGL Background Thread 1 ] DEBUG FXGLAssetLoaderServi - User app class for loading assets: class com.aluber.ClimbMountFuji.MainApplication
20:20:04.117 [FXGL Background Thread 1 ] DEBUG GameApplicationServi - Applying CSS: fxgl_dark.css
20:20:04.118 [FXGL Background Thread 1 ] DEBUG FXGLAssetLoaderServi - Loading from file system: jar:file:/C:/Users/yfili/.m2/repository/com/github/almasb/fxgl/17.2/fxgl-17.2.jar!/fxglassets/ui/css/fxgl_dark.css
20:20:04.197 [FXGL Background Thread 1 ] DEBUG GameApplicationServi - Initializing application scenes
20:20:04.278 [FXGL Background Thread 1 ] DEBUG GameWorld            - Game world initialized
20:20:04.374 [FXGL Background Thread 1 ] DEBUG PhysicsWorld         - Physics world initialized: appHeight=600, physics.ppm=50,0
20:20:04.375 [FXGL Background Thread 1 ] DEBUG PhysicsWorld         - Using strategy: BRUTE_FORCE
20:20:04.381 [FXGL Background Thread 1 ] DEBUG GameScene            - Game scene initialized: 800x600
20:20:04.401 [FXGL Background Thread 1 ] DEBUG FXGL.DefaultMenu     - createMenuBodyGameMenu()
20:20:04.428 [FXGL Background Thread 1 ] DEBUG FXGL.DefaultMenu     - createOptionsMenu()
20:20:04.446 [FXGL Background Thread 1 ] DEBUG FXGLAssetLoaderServi - Loading from file system: jar:file:/C:/Users/yfili/.m2/repository/com/github/almasb/fxgl/17.2/fxgl-17.2.jar!/fxglassets/textures/particles/smoke.png
20:20:04.570 [FXGL Background Thread 1 ] DEBUG FXGLAssetLoaderServi - Loading from file system: jar:file:/C:/Users/yfili/.m2/repository/com/github/almasb/fxgl/17.2/fxgl-17.2.jar!/fxglassets/textures/particles/trace_horizontal.png
20:20:04.613 [FXGL Background Thread 1 ] DEBUG GameApplicationServi - Application scenes initialized
20:20:04.632 [FXGL Background Thread 1 ] DEBUG SystemBundleService  - Loading FXGL system data
20:20:04.639 [FXGL Background Thread 1 ] DEBUG FileSystemAccess     - Reading from: D:\code\intellij\Climb-Mount-Fuji\system\fxgl.bundle
20:20:04.648 [FXGL Background Thread 1 ] DEBUG SystemBundleService  - Bundle FXGL: {}
20:20:04.649 [FXGL Background Thread 1 ] DEBUG UpdaterService       - Checking for updates
20:20:04.691 [FXGL Background Thread 4 ] DEBUG FXGLApplication      - Loading fonts
20:20:04.691 [FXGL Background Thread 4 ] DEBUG FXGLAssetLoaderServi - Loading from file system: jar:file:/C:/Users/yfili/.m2/repository/com/github/almasb/fxgl/17.2/fxgl-17.2.jar!/fxglassets/ui/fonts/VarelaRound-Regular.ttf
20:20:04.692 [FXGL Background Thread 1 ] DEBUG FXGLApplication      - Loading default localization
20:20:04.692 [FXGL Background Thread 1 ] DEBUG FXGLAssetLoaderServi - Loading from file system: jar:file:/C:/Users/yfili/.m2/repository/com/github/almasb/fxgl/17.2/fxgl-17.2.jar!/fxglassets/languages/english.lang
20:20:04.723 [FXGL Background Thread 1 ] INFO  FXGLApplication      - FXGL initialization took: 0,736 sec
20:20:04.741 [JavaFX Application Thread] DEBUG Input                - Registered new binding: move right - K
20:20:04.742 [JavaFX Application Thread] DEBUG FXGLAssetLoaderServi - Loading from file system: jar:file:/C:/Users/yfili/.m2/repository/com/github/almasb/fxgl/17.2/fxgl-17.2.jar!/fxglassets/textures/fxgl_icon.png
20:20:04.764 [FXGL Background Thread 4 ] DEBUG FXGLAssetLoaderServi - Loading from file system: jar:file:/C:/Users/yfili/.m2/repository/com/github/almasb/fxgl/17.2/fxgl-17.2.jar!/fxglassets/ui/fonts/Abel-Regular.ttf
20:20:04.792 [FXGL Background Thread 4 ] DEBUG FXGLAssetLoaderServi - Loading from file system: jar:file:/C:/Users/yfili/.m2/repository/com/github/almasb/fxgl/17.2/fxgl-17.2.jar!/fxglassets/ui/fonts/TerminalLandMono-Regular.otf
20:20:04.803 [JavaFX Application Thread] DEBUG FXGLAssetLoaderServi - Loading from file system: jar:file:/C:/Users/yfili/.m2/repository/com/github/almasb/fxgl/17.2/fxgl-17.2.jar!/fxglassets/textures/fxgl_default_cursor.png
20:20:04.807 [JavaFX Application Thread] DEBUG Input                - Registered new binding: Screenshot - CTRL+8
20:20:04.808 [JavaFX Application Thread] DEBUG Input                - Registered new binding: Dev Options - 1
20:20:04.809 [JavaFX Application Thread] DEBUG Input                - Registered new binding: Dev Console - 2
20:20:04.810 [JavaFX Application Thread] DEBUG Input                - Registered new binding: System info dump - CTRL+9
20:20:04.810 [JavaFX Application Thread] DEBUG Input                - Registered new binding: Restart - CTRL+R
20:20:04.812 [JavaFX Application Thread] DEBUG Input                - Registered new binding: Toggle Debug Camera - CTRL+7
20:20:04.818 [JavaFX Application Thread] DEBUG LoopRunner           - Starting loop
20:20:04.821 [FXGL Background Thread 4 ] DEBUG FXGLAssetLoaderServi - Loading from file system: jar:file:/C:/Users/yfili/.m2/repository/com/github/almasb/fxgl/17.2/fxgl-17.2.jar!/fxglassets/ui/fonts/Courier-Prime.ttf
20:20:04.855 [JavaFX Application Thread] DEBUG LoopRunner           - Initializing JavaFX AnimationTimerLoop
20:20:04.858 [JavaFX Application Thread] DEBUG GameApplicationServi - Starting new game
20:20:04.859 [JavaFX Application Thread] DEBUG Input                - Clearing active input actions
20:20:04.884 [JavaFX Application Thread] DEBUG GameApplicationServi - Removing overlay from FXGLStartupScene and adding to FXGLLoadingScene
20:20:04.893 [JavaFX Application Thread] DEBUG PrimaryStageWindow   - FXGLStartupScene -> FXGLLoadingScene
20:20:04.893 [JavaFX Application Thread] DEBUG GameApplicationServi - Clearing previous game
20:20:04.893 [JavaFX Application Thread] DEBUG GameScene            - Clearing game scene
20:20:04.893 [JavaFX Application Thread] DEBUG GameWorld            - Clearing game world
20:20:04.894 [JavaFX Application Thread] DEBUG PhysicsWorld         - Clearing physics world
20:20:04.897 [FXGL Background Thread 4 ] DEBUG FXGLApplication      - Initializing game
20:20:05.103 [FXGL Background Thread 4 ] WARN  TMXLevelLoader       - TiledMap generated from 1.11.2. Supported version: 1.9.0. Some features may not be parsed fully.
20:20:05.277 [FXGL Background Thread 4 ] DEBUG TMXLevelLoader       - Parsed TiledMap: file:/D:/code/intellij/Climb-Mount-Fuji/target/classes/assets/levels/level/Project.tmx
20:20:05.280 [FXGL Background Thread 4 ] DEBUG TMXLevelLoader       - Creating tile layer entities
20:20:05.282 [FXGL Background Thread 4 ] DEBUG TilesetLoader        - Loading view for layer backGround
20:20:05.362 [JavaFX Application Thread] DEBUG FXGLApplication      - Registering font factories with UI factory
20:20:06.148 [FXGL Background Thread 4 ] DEBUG TilesetLoader        - Created buffer with size 18970.0x20090.0
20:20:06.465 [FXGL Background Thread 2 ] INFO  UpdaterService       - Your current version:  17.2
20:20:06.465 [FXGL Background Thread 2 ] INFO  UpdaterService       - Latest stable version: 21.1
20:20:07.348 [FXGL Background Thread 4 ] DEBUG TilesetLoader        - Loading view for layer terrain
20:20:07.689 [FXGL Background Thread 3 ] DEBUG Engine               - Logging environment variables
20:20:07.691 [FXGL Background Thread 3 ] DEBUG Engine               - achievements: []
20:20:07.691 [FXGL Background Thread 3 ] DEBUG Engine               - actualHeight: 600.0
20:20:07.691 [FXGL Background Thread 3 ] DEBUG Engine               - actualHeightProperty: ReadOnlyDoubleProperty [value: 600.0]
20:20:07.691 [FXGL Background Thread 3 ] DEBUG Engine               - actualWidth: 800.0
20:20:07.692 [FXGL Background Thread 3 ] DEBUG Engine               - actualWidthProperty: ReadOnlyDoubleProperty [value: 800.0]
20:20:07.692 [FXGL Background Thread 3 ] DEBUG Engine               - appIcon: fxgl_icon.png
20:20:07.692 [FXGL Background Thread 3 ] DEBUG Engine               - applicationMode: DEVELOPER
20:20:07.692 [FXGL Background Thread 3 ] DEBUG Engine               - cSSList: [fxgl_dark.css]
20:20:07.692 [FXGL Background Thread 3 ] DEBUG Engine               - collisionDetectionStrategy: BRUTE_FORCE
20:20:07.692 [FXGL Background Thread 3 ] DEBUG Engine               - configClass: Optional.empty
20:20:07.693 [FXGL Background Thread 3 ] DEBUG Engine               - credits: []
20:20:07.693 [FXGL Background Thread 3 ] DEBUG Engine               - defaultCursor: CursorInfo(imageName=fxgl_default_cursor.png, hotspotX=7.0, hotspotY=6.0)
20:20:07.694 [FXGL Background Thread 3 ] DEBUG Engine               - devBBoxColorProperty: ObjectProperty [value: 0xff0000ff]
20:20:07.694 [FXGL Background Thread 3 ] DEBUG Engine               - devEnableDebugCameraProperty: BooleanProperty [value: false]
20:20:07.694 [FXGL Background Thread 3 ] DEBUG Engine               - devSensorColorProperty: ObjectProperty [value: 0xffff00ff]
20:20:07.695 [FXGL Background Thread 3 ] DEBUG Engine               - devShowBBoxProperty: BooleanProperty [value: true]
20:20:07.695 [FXGL Background Thread 3 ] DEBUG Engine               - devShowPositionProperty: BooleanProperty [value: false]
20:20:07.695 [FXGL Background Thread 3 ] DEBUG Engine               - enabledMenuItems: []
20:20:07.695 [FXGL Background Thread 3 ] DEBUG Engine               - engineServices: [class com.almasb.fxgl.app.services.FXGLAssetLoaderService, class com.almasb.fxgl.app.FXGLApplication$GameApplicationService, class com.almasb.fxgl.app.services.FXGLDialogService, class com.almasb.fxgl.app.services.IOTaskExecutorService, class com.almasb.fxgl.io.FileSystemService, class com.almasb.fxgl.localization.LocalizationService, class com.almasb.fxgl.app.services.SystemBundleService, class com.almasb.fxgl.profile.SaveLoadService, class com.almasb.fxgl.ui.FXGLUIFactoryServiceProvider, class com.almasb.fxgl.ui.FXGLDialogFactoryServiceProvider, class com.almasb.fxgl.audio.AudioPlayer, class com.almasb.fxgl.notification.impl.NotificationServiceProvider, class com.almasb.fxgl.achievement.AchievementService, class com.almasb.fxgl.cutscene.CutsceneService, class com.almasb.fxgl.minigames.MiniGameService, class com.almasb.fxgl.net.NetService, class com.almasb.fxgl.app.services.UpdaterService, class com.almasb.fxgl.dev.DevService]
20:20:07.695 [FXGL Background Thread 3 ] DEBUG Engine               - fontGame: Abel-Regular.ttf
20:20:07.695 [FXGL Background Thread 3 ] DEBUG Engine               - fontMono: TerminalLandMono-Regular.otf
20:20:07.696 [FXGL Background Thread 3 ] DEBUG Engine               - fontText: Courier-Prime.ttf
20:20:07.696 [FXGL Background Thread 3 ] DEBUG Engine               - fontUI: VarelaRound-Regular.ttf
20:20:07.696 [FXGL Background Thread 3 ] DEBUG Engine               - fullScreen: BooleanProperty [value: false]
20:20:07.696 [FXGL Background Thread 3 ] DEBUG Engine               - gameDifficulty: MEDIUM
20:20:07.696 [FXGL Background Thread 3 ] DEBUG Engine               - gameDifficultyProperty: ObjectProperty [value: MEDIUM]
20:20:07.696 [FXGL Background Thread 3 ] DEBUG Engine               - globalMusicVolume: 0.5
20:20:07.697 [FXGL Background Thread 3 ] DEBUG Engine               - globalMusicVolumeProperty: DoubleProperty [value: 0.5]
20:20:07.697 [FXGL Background Thread 3 ] DEBUG Engine               - globalSoundVolume: 0.5
20:20:07.697 [FXGL Background Thread 3 ] DEBUG Engine               - globalSoundVolumeProperty: DoubleProperty [value: 0.5]
20:20:07.697 [FXGL Background Thread 3 ] DEBUG Engine               - height: 600
20:20:07.697 [FXGL Background Thread 3 ] DEBUG Engine               - is3D: false
20:20:07.697 [FXGL Background Thread 3 ] DEBUG Engine               - isAndroid: false
20:20:07.697 [FXGL Background Thread 3 ] DEBUG Engine               - isBrowser: false
20:20:07.698 [FXGL Background Thread 3 ] DEBUG Engine               - isClickFeedbackEnabled: false
20:20:07.698 [FXGL Background Thread 3 ] DEBUG Engine               - isCloseConfirmation: false
20:20:07.698 [FXGL Background Thread 3 ] DEBUG Engine               - isDesktop: true
20:20:07.698 [FXGL Background Thread 3 ] DEBUG Engine               - isDeveloperMenuEnabled: true
20:20:07.698 [FXGL Background Thread 3 ] DEBUG Engine               - isEmbedded: false
20:20:07.698 [FXGL Background Thread 3 ] DEBUG Engine               - isEntityPreloadEnabled: true
20:20:07.698 [FXGL Background Thread 3 ] DEBUG Engine               - isExperimentalTiledLargeMap: false
20:20:07.699 [FXGL Background Thread 3 ] DEBUG Engine               - isFileSystemWriteAllowed: true
20:20:07.699 [FXGL Background Thread 3 ] DEBUG Engine               - isFullScreenAllowed: false
20:20:07.699 [FXGL Background Thread 3 ] DEBUG Engine               - isFullScreenFromStart: false
20:20:07.699 [FXGL Background Thread 3 ] DEBUG Engine               - isGameMenuEnabled: true
20:20:07.699 [FXGL Background Thread 3 ] DEBUG Engine               - isIOS: false
20:20:07.699 [FXGL Background Thread 3 ] DEBUG Engine               - isIntroEnabled: false
20:20:07.700 [FXGL Background Thread 3 ] DEBUG Engine               - isLinux: false
20:20:07.700 [FXGL Background Thread 3 ] DEBUG Engine               - isMac: false
20:20:07.700 [FXGL Background Thread 3 ] DEBUG Engine               - isMainMenuEnabled: false
20:20:07.700 [FXGL Background Thread 3 ] DEBUG Engine               - isManualResizeEnabled: false
20:20:07.700 [FXGL Background Thread 3 ] DEBUG Engine               - isMobile: false
20:20:07.701 [FXGL Background Thread 3 ] DEBUG Engine               - isNative: false
20:20:07.701 [FXGL Background Thread 3 ] DEBUG Engine               - isPauseMusicWhenMinimized: true
20:20:07.701 [FXGL Background Thread 3 ] DEBUG Engine               - isPreserveResizeRatio: false
20:20:07.701 [FXGL Background Thread 3 ] DEBUG Engine               - isProfilingEnabled: false
20:20:07.701 [FXGL Background Thread 3 ] DEBUG Engine               - isScaleAffectedOnResize: true
20:20:07.701 [FXGL Background Thread 3 ] DEBUG Engine               - isSingleStep: false
20:20:07.701 [FXGL Background Thread 3 ] DEBUG Engine               - isUserProfileEnabled: false
20:20:07.701 [FXGL Background Thread 3 ] DEBUG Engine               - isWindows: true
20:20:07.702 [FXGL Background Thread 3 ] DEBUG Engine               - language: ObjectProperty [value: ENGLISH]
20:20:07.702 [FXGL Background Thread 3 ] DEBUG Engine               - menuKey: ESCAPE
20:20:07.702 [FXGL Background Thread 3 ] DEBUG Engine               - mouseSensitivity: 0.2
20:20:07.702 [FXGL Background Thread 3 ] DEBUG Engine               - notificationViewClass: class com.almasb.fxgl.notification.view.XboxNotificationView
20:20:07.702 [FXGL Background Thread 3 ] DEBUG Engine               - pixelsPerMeter: 50.0
20:20:07.702 [FXGL Background Thread 3 ] DEBUG Engine               - platform: WINDOWS
20:20:07.703 [FXGL Background Thread 3 ] DEBUG Engine               - prefHeightProperty: ReadOnlyDoubleProperty [value: 600.0]
20:20:07.703 [FXGL Background Thread 3 ] DEBUG Engine               - prefWidthProperty: ReadOnlyDoubleProperty [value: 800.0]
20:20:07.703 [FXGL Background Thread 3 ] DEBUG Engine               - profileDir: profiles/
20:20:07.703 [FXGL Background Thread 3 ] DEBUG Engine               - profileName: StringProperty [value: DEFAULT]
20:20:07.703 [FXGL Background Thread 3 ] DEBUG Engine               - randomSeed: -1
20:20:07.703 [FXGL Background Thread 3 ] DEBUG Engine               - runtimeInfo: RuntimeInfo(platform=WINDOWS, version=17.2, build=20.08.2022 16.50)
20:20:07.703 [FXGL Background Thread 3 ] DEBUG Engine               - saveFileExt: sav
20:20:07.704 [FXGL Background Thread 3 ] DEBUG Engine               - scaledHeightProp$fxgl: DoubleProperty [bound, value: 600.0]
20:20:07.704 [FXGL Background Thread 3 ] DEBUG Engine               - scaledWidthProp$fxgl: DoubleProperty [bound, value: 800.0]
20:20:07.704 [FXGL Background Thread 3 ] DEBUG Engine               - sceneFactory: com.almasb.fxgl.app.scene.SceneFactory@5678411e
20:20:07.704 [FXGL Background Thread 3 ] DEBUG Engine               - secondsIn24h: 60
20:20:07.704 [FXGL Background Thread 3 ] DEBUG Engine               - soundMenuBack: menu/back.wav
20:20:07.704 [FXGL Background Thread 3 ] DEBUG Engine               - soundMenuPress: menu/press.wav
20:20:07.704 [FXGL Background Thread 3 ] DEBUG Engine               - soundMenuSelect: menu/select.wav
20:20:07.704 [FXGL Background Thread 3 ] DEBUG Engine               - soundNotification: core/notification.wav
20:20:07.704 [FXGL Background Thread 3 ] DEBUG Engine               - stageStyle: DECORATED
20:20:07.705 [FXGL Background Thread 3 ] DEBUG Engine               - supportedLanguages: [ENGLISH, FRENCH, GERMAN, HUNGARIAN, RUSSIAN]
20:20:07.705 [FXGL Background Thread 3 ] DEBUG Engine               - ticksPerSecond: -1
20:20:07.705 [FXGL Background Thread 3 ] DEBUG Engine               - title: CLIMB MOUNT FUJI
20:20:07.705 [FXGL Background Thread 3 ] DEBUG Engine               - urlGithub: https://github.com/AlmasB/FXGL
20:20:07.705 [FXGL Background Thread 3 ] DEBUG Engine               - urlLeaderboard: http://fxgl-top.herokuapp.com/
20:20:07.705 [FXGL Background Thread 3 ] DEBUG Engine               - urlPOM: https://raw.githubusercontent.com/AlmasB/FXGL/release/README.md
20:20:07.705 [FXGL Background Thread 3 ] DEBUG Engine               - userAppClass: class com.aluber.ClimbMountFuji.MainApplication
20:20:07.705 [FXGL Background Thread 3 ] DEBUG Engine               - version: 0.0
20:20:07.705 [FXGL Background Thread 3 ] DEBUG Engine               - versionCheckDays: 7
20:20:07.705 [FXGL Background Thread 3 ] DEBUG Engine               - width: 800
20:20:07.706 [FXGL Background Thread 3 ] DEBUG Engine               - Logging services
20:20:07.706 [FXGL Background Thread 3 ] DEBUG Engine               - class com.almasb.fxgl.app.services.FXGLAssetLoaderService
20:20:07.706 [FXGL Background Thread 3 ] DEBUG Engine               - class com.almasb.fxgl.app.FXGLApplication$GameApplicationService
20:20:07.706 [FXGL Background Thread 3 ] DEBUG Engine               - class com.almasb.fxgl.app.services.FXGLDialogService
20:20:07.706 [FXGL Background Thread 3 ] DEBUG Engine               - class com.almasb.fxgl.app.services.IOTaskExecutorService
20:20:07.706 [FXGL Background Thread 3 ] DEBUG Engine               - class com.almasb.fxgl.io.FileSystemService
20:20:07.706 [FXGL Background Thread 3 ] DEBUG Engine               - class com.almasb.fxgl.localization.LocalizationService
20:20:07.706 [FXGL Background Thread 3 ] DEBUG Engine               - class com.almasb.fxgl.app.services.SystemBundleService
20:20:07.706 [FXGL Background Thread 3 ] DEBUG Engine               - class com.almasb.fxgl.profile.SaveLoadService
20:20:07.706 [FXGL Background Thread 3 ] DEBUG Engine               - class com.almasb.fxgl.ui.FXGLUIFactoryServiceProvider
20:20:07.707 [FXGL Background Thread 3 ] DEBUG Engine               - class com.almasb.fxgl.ui.FXGLDialogFactoryServiceProvider
20:20:07.707 [FXGL Background Thread 3 ] DEBUG Engine               - class com.almasb.fxgl.audio.AudioPlayer
20:20:07.707 [FXGL Background Thread 3 ] DEBUG Engine               - class com.almasb.fxgl.notification.impl.NotificationServiceProvider
20:20:07.707 [FXGL Background Thread 3 ] DEBUG Engine               - class com.almasb.fxgl.achievement.AchievementService
20:20:07.707 [FXGL Background Thread 3 ] DEBUG Engine               - class com.almasb.fxgl.cutscene.CutsceneService
20:20:07.707 [FXGL Background Thread 3 ] DEBUG Engine               - class com.almasb.fxgl.minigames.MiniGameService
20:20:07.707 [FXGL Background Thread 3 ] DEBUG Engine               - class com.almasb.fxgl.net.NetService
20:20:07.707 [FXGL Background Thread 3 ] DEBUG Engine               - class com.almasb.fxgl.app.services.UpdaterService
20:20:07.707 [FXGL Background Thread 3 ] DEBUG Engine               - class com.almasb.fxgl.dev.DevService
20:20:08.586 [FXGL Background Thread 4 ] DEBUG TilesetLoader        - Created buffer with size 18970.0x20090.0
20:20:08.723 [FXGL Background Thread 4 ] DEBUG TMXLevelLoader       - Creating object layer entities
20:20:08.875 [FXGL Background Thread 4 ] DEBUG GameWorld            - Clearing removable entities
20:20:08.884 [FXGL Background Thread 4 ] DEBUG GameWorld            - Setting level: com.almasb.fxgl.entity.level.Level@3c623e90
20:20:08.889 [FXGL Background Thread 4 ] DEBUG FXGLAssetLoaderServi - Loading from file system: file:/D:/code/intellij/Climb-Mount-Fuji/target/classes/assets/textures/player.png
20:20:08.909 [FXGL Background Thread 4 ] WARN  GameWorld            - Entity is already attached to world
20:20:08.911 [FXGL Background Thread 4 ] WARN  GameWorld            - Entity is already attached to world
20:20:08.916 [FXGL Background Thread 4 ] INFO  FXGLApplication      - Game initialization took: 4,019 sec
20:20:08.923 [JavaFX Application Thread] DEBUG Input                - Clearing active input actions
20:20:08.947 [JavaFX Application Thread] DEBUG GameApplicationServi - Removing overlay from FXGLLoadingScene and adding to GameScene
20:20:08.960 [JavaFX Application Thread] DEBUG PrimaryStageWindow   - FXGLLoadingScene -> GameScene
20:22:00.529 [JavaFX Application Thread] DEBUG FXGLApplication      - Exiting FXGL
20:22:00.531 [JavaFX Application Thread] DEBUG LoopRunner           - Stopping loop
20:22:00.532 [JavaFX Application Thread] DEBUG SystemBundleService  - Saving FXGL system data
20:22:00.551 [JavaFX Application Thread] DEBUG FileSystemAccess     - Writing to: D:\code\intellij\Climb-Mount-Fuji\system\fxgl.bundle
20:22:00.568 [JavaFX Application Thread] DEBUG Async                - Shutting down background threads
20:22:00.569 [JavaFX Application Thread] DEBUG PrimaryStageWindow   - Closing main window
20:22:00.641 [JavaFX Application Thread] DEBUG Logger               - Closing Logger
