20:06:58.342 [main                     ] DEBUG Logger               - Configured Logger
20:06:58.370 [main                     ] DEBUG GameApplication      - Logging settings
Title: CLIMB MOUNT FUJI
Version: 0.0
Width: 800
Height: 600
Fullscreen: false
Intro: false
Profiling: false
Single step:false
App Mode: DEVELOPER
Menu Key: ESCAPE
Stage Style: DECORATED
Scene Factory: class com.almasb.fxgl.app.scene.SceneFactory

20:06:59.055 [JavaFX Application Thread] DEBUG FXGLApplication      - Initializing FXGL
20:06:59.064 [JavaFX Application Thread] INFO  Engine               - FXGL-17.2 (20.08.2022 16.50) on WINDOWS (J:23.0.2 FX:21.0.2)
20:06:59.065 [JavaFX Application Thread] DEBUG Engine               - JRE Vendor Name: Oracle Corporation
20:06:59.066 [JavaFX Application Thread] DEBUG Engine               - Running on OS: Windows 10 version 10.0
20:06:59.066 [JavaFX Application Thread] DEBUG Engine               - Architecture: amd64
20:06:59.066 [JavaFX Application Thread] INFO  Engine               - Source code and latest versions at: https://github.com/AlmasB/FXGL
20:06:59.066 [JavaFX Application Thread] INFO  Engine               -       Ask questions and discuss at: https://github.com/AlmasB/FXGL/discussions
20:06:59.067 [JavaFX Application Thread] INFO  Engine               -              Join the FXGL chat at: https://gitter.im/AlmasB/FXGL
20:06:59.374 [JavaFX Application Thread] DEBUG PrimaryStageWindow   - Creating a JavaFX scene
20:06:59.511 [JavaFX Application Thread] DEBUG PrimaryStageWindow   - Target settings size: 800.0 x 600.0
20:06:59.512 [JavaFX Application Thread] DEBUG PrimaryStageWindow   - Scaled scene size:    800.0 x 600.0
20:06:59.513 [JavaFX Application Thread] DEBUG PrimaryStageWindow   - Scaled ratio: (1.0, 1.0)
20:06:59.515 [JavaFX Application Thread] DEBUG PrimaryStageWindow   - Set initial scene to FXGLStartupScene
20:06:59.522 [JavaFX Application Thread] DEBUG PrimaryStageWindow   - Opening main window
20:06:59.707 [JavaFX Application Thread] DEBUG PrimaryStageWindow   - Window border size: (14.4000244140625, 37.5999755859375)
20:06:59.707 [JavaFX Application Thread] DEBUG PrimaryStageWindow   - Scaled size: 800.0 x 600.0
20:06:59.708 [JavaFX Application Thread] DEBUG PrimaryStageWindow   - Scaled ratio: (1.0, 1.0)
20:06:59.708 [JavaFX Application Thread] DEBUG PrimaryStageWindow   - Scene size: 800.0 x 600.0
20:06:59.708 [JavaFX Application Thread] DEBUG PrimaryStageWindow   - Stage size: 814.4000244140625 x 637.5999755859375
20:06:59.723 [FXGL Background Thread 1 ] DEBUG Engine               - Initializing environment variables
20:06:59.860 [FXGL Background Thread 1 ] DEBUG FXGLAssetLoaderServi - User app class for loading assets: class com.aluber.ClimbMountFuji.MainApplication
20:06:59.860 [FXGL Background Thread 1 ] DEBUG GameApplicationServi - Applying CSS: fxgl_dark.css
20:06:59.861 [FXGL Background Thread 1 ] DEBUG FXGLAssetLoaderServi - Loading from file system: jar:file:/C:/Users/yfili/.m2/repository/com/github/almasb/fxgl/17.2/fxgl-17.2.jar!/fxglassets/ui/css/fxgl_dark.css
20:06:59.938 [FXGL Background Thread 1 ] DEBUG GameApplicationServi - Initializing application scenes
20:07:00.016 [FXGL Background Thread 1 ] DEBUG GameWorld            - Game world initialized
20:07:00.124 [FXGL Background Thread 1 ] DEBUG PhysicsWorld         - Physics world initialized: appHeight=600, physics.ppm=50,0
20:07:00.124 [FXGL Background Thread 1 ] DEBUG PhysicsWorld         - Using strategy: BRUTE_FORCE
20:07:00.132 [FXGL Background Thread 1 ] DEBUG GameScene            - Game scene initialized: 800x600
20:07:00.149 [FXGL Background Thread 1 ] DEBUG FXGL.DefaultMenu     - createMenuBodyGameMenu()
20:07:00.175 [FXGL Background Thread 1 ] DEBUG FXGL.DefaultMenu     - createOptionsMenu()
20:07:00.191 [FXGL Background Thread 1 ] DEBUG FXGLAssetLoaderServi - Loading from file system: jar:file:/C:/Users/yfili/.m2/repository/com/github/almasb/fxgl/17.2/fxgl-17.2.jar!/fxglassets/textures/particles/smoke.png
20:07:00.313 [FXGL Background Thread 1 ] DEBUG FXGLAssetLoaderServi - Loading from file system: jar:file:/C:/Users/yfili/.m2/repository/com/github/almasb/fxgl/17.2/fxgl-17.2.jar!/fxglassets/textures/particles/trace_horizontal.png
20:07:00.363 [FXGL Background Thread 1 ] DEBUG GameApplicationServi - Application scenes initialized
20:07:00.378 [FXGL Background Thread 1 ] DEBUG SystemBundleService  - Loading FXGL system data
20:07:00.382 [FXGL Background Thread 1 ] DEBUG FileSystemAccess     - Reading from: D:\code\intellij\Climb-Mount-Fuji\system\fxgl.bundle
20:07:00.391 [FXGL Background Thread 1 ] DEBUG SystemBundleService  - Bundle FXGL: {}
20:07:00.391 [FXGL Background Thread 1 ] DEBUG UpdaterService       - Checking for updates
20:07:00.432 [FXGL Background Thread 4 ] DEBUG FXGLApplication      - Loading fonts
20:07:00.433 [FXGL Background Thread 4 ] DEBUG FXGLAssetLoaderServi - Loading from file system: jar:file:/C:/Users/yfili/.m2/repository/com/github/almasb/fxgl/17.2/fxgl-17.2.jar!/fxglassets/ui/fonts/VarelaRound-Regular.ttf
20:07:00.433 [FXGL Background Thread 1 ] DEBUG FXGLApplication      - Loading default localization
20:07:00.434 [FXGL Background Thread 1 ] DEBUG FXGLAssetLoaderServi - Loading from file system: jar:file:/C:/Users/yfili/.m2/repository/com/github/almasb/fxgl/17.2/fxgl-17.2.jar!/fxglassets/languages/english.lang
20:07:00.464 [FXGL Background Thread 1 ] INFO  FXGLApplication      - FXGL initialization took: 0,741 sec
20:07:00.478 [JavaFX Application Thread] DEBUG Input                - Registered new binding: move right - K
20:07:00.479 [JavaFX Application Thread] DEBUG FXGLAssetLoaderServi - Loading from file system: jar:file:/C:/Users/yfili/.m2/repository/com/github/almasb/fxgl/17.2/fxgl-17.2.jar!/fxglassets/textures/fxgl_icon.png
20:07:00.488 [FXGL Background Thread 4 ] DEBUG FXGLAssetLoaderServi - Loading from file system: jar:file:/C:/Users/yfili/.m2/repository/com/github/almasb/fxgl/17.2/fxgl-17.2.jar!/fxglassets/ui/fonts/Abel-Regular.ttf
20:07:00.508 [JavaFX Application Thread] DEBUG FXGLAssetLoaderServi - Loading from file system: jar:file:/C:/Users/yfili/.m2/repository/com/github/almasb/fxgl/17.2/fxgl-17.2.jar!/fxglassets/textures/fxgl_default_cursor.png
20:07:00.509 [FXGL Background Thread 4 ] DEBUG FXGLAssetLoaderServi - Loading from file system: jar:file:/C:/Users/yfili/.m2/repository/com/github/almasb/fxgl/17.2/fxgl-17.2.jar!/fxglassets/ui/fonts/TerminalLandMono-Regular.otf
20:07:00.512 [JavaFX Application Thread] DEBUG Input                - Registered new binding: Screenshot - CTRL+8
20:07:00.513 [JavaFX Application Thread] DEBUG Input                - Registered new binding: Dev Options - 1
20:07:00.514 [JavaFX Application Thread] DEBUG Input                - Registered new binding: Dev Console - 2
20:07:00.515 [JavaFX Application Thread] DEBUG Input                - Registered new binding: System info dump - CTRL+9
20:07:00.517 [JavaFX Application Thread] DEBUG Input                - Registered new binding: Restart - CTRL+R
20:07:00.517 [JavaFX Application Thread] DEBUG Input                - Registered new binding: Toggle Debug Camera - CTRL+7
20:07:00.522 [JavaFX Application Thread] DEBUG LoopRunner           - Starting loop
20:07:00.533 [FXGL Background Thread 4 ] DEBUG FXGLAssetLoaderServi - Loading from file system: jar:file:/C:/Users/yfili/.m2/repository/com/github/almasb/fxgl/17.2/fxgl-17.2.jar!/fxglassets/ui/fonts/Courier-Prime.ttf
20:07:00.549 [JavaFX Application Thread] DEBUG LoopRunner           - Initializing JavaFX AnimationTimerLoop
20:07:00.553 [JavaFX Application Thread] DEBUG GameApplicationServi - Starting new game
20:07:00.554 [JavaFX Application Thread] DEBUG Input                - Clearing active input actions
20:07:00.574 [JavaFX Application Thread] DEBUG GameApplicationServi - Removing overlay from FXGLStartupScene and adding to FXGLLoadingScene
20:07:00.581 [JavaFX Application Thread] DEBUG PrimaryStageWindow   - FXGLStartupScene -> FXGLLoadingScene
20:07:00.581 [JavaFX Application Thread] DEBUG GameApplicationServi - Clearing previous game
20:07:00.581 [JavaFX Application Thread] DEBUG GameScene            - Clearing game scene
20:07:00.581 [JavaFX Application Thread] DEBUG GameWorld            - Clearing game world
20:07:00.582 [JavaFX Application Thread] DEBUG PhysicsWorld         - Clearing physics world
20:07:00.584 [FXGL Background Thread 4 ] DEBUG FXGLApplication      - Initializing game
20:07:00.717 [FXGL Background Thread 4 ] WARN  TMXLevelLoader       - TiledMap generated from 1.11.2. Supported version: 1.9.0. Some features may not be parsed fully.
20:07:00.857 [FXGL Background Thread 4 ] DEBUG TMXLevelLoader       - Parsed TiledMap: file:/D:/code/intellij/Climb-Mount-Fuji/target/classes/assets/levels/level/Project.tmx
20:07:00.858 [FXGL Background Thread 4 ] DEBUG TMXLevelLoader       - Creating tile layer entities
20:07:00.861 [FXGL Background Thread 4 ] DEBUG TilesetLoader        - Loading view for layer backGround
20:07:00.918 [JavaFX Application Thread] DEBUG FXGLApplication      - Registering font factories with UI factory
20:07:01.756 [FXGL Background Thread 4 ] DEBUG TilesetLoader        - Created buffer with size 18970.0x20090.0
20:07:01.768 [FXGL Background Thread 2 ] INFO  UpdaterService       - Your current version:  17.2
20:07:01.770 [FXGL Background Thread 2 ] INFO  UpdaterService       - Latest stable version: 21.1
20:07:03.041 [FXGL Background Thread 4 ] DEBUG TilesetLoader        - Loading view for layer terrain
20:07:03.432 [FXGL Background Thread 3 ] DEBUG Engine               - Logging environment variables
20:07:03.433 [FXGL Background Thread 3 ] DEBUG Engine               - achievements: []
20:07:03.433 [FXGL Background Thread 3 ] DEBUG Engine               - actualHeight: 600.0
20:07:03.433 [FXGL Background Thread 3 ] DEBUG Engine               - actualHeightProperty: ReadOnlyDoubleProperty [value: 600.0]
20:07:03.433 [FXGL Background Thread 3 ] DEBUG Engine               - actualWidth: 800.0
20:07:03.433 [FXGL Background Thread 3 ] DEBUG Engine               - actualWidthProperty: ReadOnlyDoubleProperty [value: 800.0]
20:07:03.434 [FXGL Background Thread 3 ] DEBUG Engine               - appIcon: fxgl_icon.png
20:07:03.434 [FXGL Background Thread 3 ] DEBUG Engine               - applicationMode: DEVELOPER
20:07:03.434 [FXGL Background Thread 3 ] DEBUG Engine               - cSSList: [fxgl_dark.css]
20:07:03.434 [FXGL Background Thread 3 ] DEBUG Engine               - collisionDetectionStrategy: BRUTE_FORCE
20:07:03.434 [FXGL Background Thread 3 ] DEBUG Engine               - configClass: Optional.empty
20:07:03.434 [FXGL Background Thread 3 ] DEBUG Engine               - credits: []
20:07:03.435 [FXGL Background Thread 3 ] DEBUG Engine               - defaultCursor: CursorInfo(imageName=fxgl_default_cursor.png, hotspotX=7.0, hotspotY=6.0)
20:07:03.436 [FXGL Background Thread 3 ] DEBUG Engine               - devBBoxColorProperty: ObjectProperty [value: 0xff0000ff]
20:07:03.436 [FXGL Background Thread 3 ] DEBUG Engine               - devEnableDebugCameraProperty: BooleanProperty [value: false]
20:07:03.436 [FXGL Background Thread 3 ] DEBUG Engine               - devSensorColorProperty: ObjectProperty [value: 0xffff00ff]
20:07:03.437 [FXGL Background Thread 3 ] DEBUG Engine               - devShowBBoxProperty: BooleanProperty [value: false]
20:07:03.437 [FXGL Background Thread 3 ] DEBUG Engine               - devShowPositionProperty: BooleanProperty [value: false]
20:07:03.437 [FXGL Background Thread 3 ] DEBUG Engine               - enabledMenuItems: []
20:07:03.438 [FXGL Background Thread 3 ] DEBUG Engine               - engineServices: [class com.almasb.fxgl.app.services.FXGLAssetLoaderService, class com.almasb.fxgl.app.FXGLApplication$GameApplicationService, class com.almasb.fxgl.app.services.FXGLDialogService, class com.almasb.fxgl.app.services.IOTaskExecutorService, class com.almasb.fxgl.io.FileSystemService, class com.almasb.fxgl.localization.LocalizationService, class com.almasb.fxgl.app.services.SystemBundleService, class com.almasb.fxgl.profile.SaveLoadService, class com.almasb.fxgl.ui.FXGLUIFactoryServiceProvider, class com.almasb.fxgl.ui.FXGLDialogFactoryServiceProvider, class com.almasb.fxgl.audio.AudioPlayer, class com.almasb.fxgl.notification.impl.NotificationServiceProvider, class com.almasb.fxgl.achievement.AchievementService, class com.almasb.fxgl.cutscene.CutsceneService, class com.almasb.fxgl.minigames.MiniGameService, class com.almasb.fxgl.net.NetService, class com.almasb.fxgl.app.services.UpdaterService, class com.almasb.fxgl.dev.DevService]
20:07:03.438 [FXGL Background Thread 3 ] DEBUG Engine               - fontGame: Abel-Regular.ttf
20:07:03.438 [FXGL Background Thread 3 ] DEBUG Engine               - fontMono: TerminalLandMono-Regular.otf
20:07:03.438 [FXGL Background Thread 3 ] DEBUG Engine               - fontText: Courier-Prime.ttf
20:07:03.438 [FXGL Background Thread 3 ] DEBUG Engine               - fontUI: VarelaRound-Regular.ttf
20:07:03.438 [FXGL Background Thread 3 ] DEBUG Engine               - fullScreen: BooleanProperty [value: false]
20:07:03.438 [FXGL Background Thread 3 ] DEBUG Engine               - gameDifficulty: MEDIUM
20:07:03.438 [FXGL Background Thread 3 ] DEBUG Engine               - gameDifficultyProperty: ObjectProperty [value: MEDIUM]
20:07:03.438 [FXGL Background Thread 3 ] DEBUG Engine               - globalMusicVolume: 0.5
20:07:03.438 [FXGL Background Thread 3 ] DEBUG Engine               - globalMusicVolumeProperty: DoubleProperty [value: 0.5]
20:07:03.438 [FXGL Background Thread 3 ] DEBUG Engine               - globalSoundVolume: 0.5
20:07:03.439 [FXGL Background Thread 3 ] DEBUG Engine               - globalSoundVolumeProperty: DoubleProperty [value: 0.5]
20:07:03.439 [FXGL Background Thread 3 ] DEBUG Engine               - height: 600
20:07:03.439 [FXGL Background Thread 3 ] DEBUG Engine               - is3D: false
20:07:03.439 [FXGL Background Thread 3 ] DEBUG Engine               - isAndroid: false
20:07:03.439 [FXGL Background Thread 3 ] DEBUG Engine               - isBrowser: false
20:07:03.440 [FXGL Background Thread 3 ] DEBUG Engine               - isClickFeedbackEnabled: false
20:07:03.440 [FXGL Background Thread 3 ] DEBUG Engine               - isCloseConfirmation: false
20:07:03.440 [FXGL Background Thread 3 ] DEBUG Engine               - isDesktop: true
20:07:03.440 [FXGL Background Thread 3 ] DEBUG Engine               - isDeveloperMenuEnabled: true
20:07:03.440 [FXGL Background Thread 3 ] DEBUG Engine               - isEmbedded: false
20:07:03.440 [FXGL Background Thread 3 ] DEBUG Engine               - isEntityPreloadEnabled: true
20:07:03.440 [FXGL Background Thread 3 ] DEBUG Engine               - isExperimentalTiledLargeMap: false
20:07:03.440 [FXGL Background Thread 3 ] DEBUG Engine               - isFileSystemWriteAllowed: true
20:07:03.440 [FXGL Background Thread 3 ] DEBUG Engine               - isFullScreenAllowed: false
20:07:03.440 [FXGL Background Thread 3 ] DEBUG Engine               - isFullScreenFromStart: false
20:07:03.440 [FXGL Background Thread 3 ] DEBUG Engine               - isGameMenuEnabled: true
20:07:03.440 [FXGL Background Thread 3 ] DEBUG Engine               - isIOS: false
20:07:03.441 [FXGL Background Thread 3 ] DEBUG Engine               - isIntroEnabled: false
20:07:03.441 [FXGL Background Thread 3 ] DEBUG Engine               - isLinux: false
20:07:03.441 [FXGL Background Thread 3 ] DEBUG Engine               - isMac: false
20:07:03.441 [FXGL Background Thread 3 ] DEBUG Engine               - isMainMenuEnabled: false
20:07:03.441 [FXGL Background Thread 3 ] DEBUG Engine               - isManualResizeEnabled: false
20:07:03.442 [FXGL Background Thread 3 ] DEBUG Engine               - isMobile: false
20:07:03.442 [FXGL Background Thread 3 ] DEBUG Engine               - isNative: false
20:07:03.442 [FXGL Background Thread 3 ] DEBUG Engine               - isPauseMusicWhenMinimized: true
20:07:03.442 [FXGL Background Thread 3 ] DEBUG Engine               - isPreserveResizeRatio: false
20:07:03.442 [FXGL Background Thread 3 ] DEBUG Engine               - isProfilingEnabled: false
20:07:03.442 [FXGL Background Thread 3 ] DEBUG Engine               - isScaleAffectedOnResize: true
20:07:03.443 [FXGL Background Thread 3 ] DEBUG Engine               - isSingleStep: false
20:07:03.443 [FXGL Background Thread 3 ] DEBUG Engine               - isUserProfileEnabled: false
20:07:03.443 [FXGL Background Thread 3 ] DEBUG Engine               - isWindows: true
20:07:03.443 [FXGL Background Thread 3 ] DEBUG Engine               - language: ObjectProperty [value: ENGLISH]
20:07:03.443 [FXGL Background Thread 3 ] DEBUG Engine               - menuKey: ESCAPE
20:07:03.443 [FXGL Background Thread 3 ] DEBUG Engine               - mouseSensitivity: 0.2
20:07:03.444 [FXGL Background Thread 3 ] DEBUG Engine               - notificationViewClass: class com.almasb.fxgl.notification.view.XboxNotificationView
20:07:03.444 [FXGL Background Thread 3 ] DEBUG Engine               - pixelsPerMeter: 50.0
20:07:03.445 [FXGL Background Thread 3 ] DEBUG Engine               - platform: WINDOWS
20:07:03.445 [FXGL Background Thread 3 ] DEBUG Engine               - prefHeightProperty: ReadOnlyDoubleProperty [value: 600.0]
20:07:03.445 [FXGL Background Thread 3 ] DEBUG Engine               - prefWidthProperty: ReadOnlyDoubleProperty [value: 800.0]
20:07:03.445 [FXGL Background Thread 3 ] DEBUG Engine               - profileDir: profiles/
20:07:03.445 [FXGL Background Thread 3 ] DEBUG Engine               - profileName: StringProperty [value: DEFAULT]
20:07:03.446 [FXGL Background Thread 3 ] DEBUG Engine               - randomSeed: -1
20:07:03.446 [FXGL Background Thread 3 ] DEBUG Engine               - runtimeInfo: RuntimeInfo(platform=WINDOWS, version=17.2, build=20.08.2022 16.50)
20:07:03.446 [FXGL Background Thread 3 ] DEBUG Engine               - saveFileExt: sav
20:07:03.447 [FXGL Background Thread 3 ] DEBUG Engine               - scaledHeightProp$fxgl: DoubleProperty [bound, value: 600.0]
20:07:03.447 [FXGL Background Thread 3 ] DEBUG Engine               - scaledWidthProp$fxgl: DoubleProperty [bound, value: 800.0]
20:07:03.447 [FXGL Background Thread 3 ] DEBUG Engine               - sceneFactory: com.almasb.fxgl.app.scene.SceneFactory@5086ec53
20:07:03.447 [FXGL Background Thread 3 ] DEBUG Engine               - secondsIn24h: 60
20:07:03.447 [FXGL Background Thread 3 ] DEBUG Engine               - soundMenuBack: menu/back.wav
20:07:03.447 [FXGL Background Thread 3 ] DEBUG Engine               - soundMenuPress: menu/press.wav
20:07:03.447 [FXGL Background Thread 3 ] DEBUG Engine               - soundMenuSelect: menu/select.wav
20:07:03.447 [FXGL Background Thread 3 ] DEBUG Engine               - soundNotification: core/notification.wav
20:07:03.447 [FXGL Background Thread 3 ] DEBUG Engine               - stageStyle: DECORATED
20:07:03.447 [FXGL Background Thread 3 ] DEBUG Engine               - supportedLanguages: [ENGLISH, FRENCH, GERMAN, HUNGARIAN, RUSSIAN]
20:07:03.448 [FXGL Background Thread 3 ] DEBUG Engine               - ticksPerSecond: -1
20:07:03.448 [FXGL Background Thread 3 ] DEBUG Engine               - title: CLIMB MOUNT FUJI
20:07:03.448 [FXGL Background Thread 3 ] DEBUG Engine               - urlGithub: https://github.com/AlmasB/FXGL
20:07:03.448 [FXGL Background Thread 3 ] DEBUG Engine               - urlLeaderboard: http://fxgl-top.herokuapp.com/
20:07:03.449 [FXGL Background Thread 3 ] DEBUG Engine               - urlPOM: https://raw.githubusercontent.com/AlmasB/FXGL/release/README.md
20:07:03.449 [FXGL Background Thread 3 ] DEBUG Engine               - userAppClass: class com.aluber.ClimbMountFuji.MainApplication
20:07:03.449 [FXGL Background Thread 3 ] DEBUG Engine               - version: 0.0
20:07:03.449 [FXGL Background Thread 3 ] DEBUG Engine               - versionCheckDays: 7
20:07:03.449 [FXGL Background Thread 3 ] DEBUG Engine               - width: 800
20:07:03.449 [FXGL Background Thread 3 ] DEBUG Engine               - Logging services
20:07:03.449 [FXGL Background Thread 3 ] DEBUG Engine               - class com.almasb.fxgl.app.services.FXGLAssetLoaderService
20:07:03.449 [FXGL Background Thread 3 ] DEBUG Engine               - class com.almasb.fxgl.app.FXGLApplication$GameApplicationService
20:07:03.449 [FXGL Background Thread 3 ] DEBUG Engine               - class com.almasb.fxgl.app.services.FXGLDialogService
20:07:03.449 [FXGL Background Thread 3 ] DEBUG Engine               - class com.almasb.fxgl.app.services.IOTaskExecutorService
20:07:03.449 [FXGL Background Thread 3 ] DEBUG Engine               - class com.almasb.fxgl.io.FileSystemService
20:07:03.449 [FXGL Background Thread 3 ] DEBUG Engine               - class com.almasb.fxgl.localization.LocalizationService
20:07:03.449 [FXGL Background Thread 3 ] DEBUG Engine               - class com.almasb.fxgl.app.services.SystemBundleService
20:07:03.449 [FXGL Background Thread 3 ] DEBUG Engine               - class com.almasb.fxgl.profile.SaveLoadService
20:07:03.449 [FXGL Background Thread 3 ] DEBUG Engine               - class com.almasb.fxgl.ui.FXGLUIFactoryServiceProvider
20:07:03.449 [FXGL Background Thread 3 ] DEBUG Engine               - class com.almasb.fxgl.ui.FXGLDialogFactoryServiceProvider
20:07:03.450 [FXGL Background Thread 3 ] DEBUG Engine               - class com.almasb.fxgl.audio.AudioPlayer
20:07:03.450 [FXGL Background Thread 3 ] DEBUG Engine               - class com.almasb.fxgl.notification.impl.NotificationServiceProvider
20:07:03.450 [FXGL Background Thread 3 ] DEBUG Engine               - class com.almasb.fxgl.achievement.AchievementService
20:07:03.450 [FXGL Background Thread 3 ] DEBUG Engine               - class com.almasb.fxgl.cutscene.CutsceneService
20:07:03.450 [FXGL Background Thread 3 ] DEBUG Engine               - class com.almasb.fxgl.minigames.MiniGameService
20:07:03.450 [FXGL Background Thread 3 ] DEBUG Engine               - class com.almasb.fxgl.net.NetService
20:07:03.450 [FXGL Background Thread 3 ] DEBUG Engine               - class com.almasb.fxgl.app.services.UpdaterService
20:07:03.451 [FXGL Background Thread 3 ] DEBUG Engine               - class com.almasb.fxgl.dev.DevService
20:07:04.743 [FXGL Background Thread 4 ] DEBUG TilesetLoader        - Created buffer with size 18970.0x20090.0
20:07:04.927 [FXGL Background Thread 4 ] DEBUG TMXLevelLoader       - Creating object layer entities
20:07:05.099 [FXGL Background Thread 4 ] DEBUG GameWorld            - Clearing removable entities
20:07:05.108 [FXGL Background Thread 4 ] DEBUG GameWorld            - Setting level: com.almasb.fxgl.entity.level.Level@7dac86c5
20:07:05.112 [FXGL Background Thread 4 ] DEBUG FXGLAssetLoaderServi - Loading from file system: file:/D:/code/intellij/Climb-Mount-Fuji/target/classes/assets/textures/player.png
20:07:05.129 [FXGL Background Thread 4 ] WARN  GameWorld            - Entity is already attached to world
20:07:05.132 [FXGL Background Thread 4 ] INFO  FXGLApplication      - Game initialization took: 4,548 sec
20:07:05.136 [JavaFX Application Thread] DEBUG Input                - Clearing active input actions
20:07:05.157 [JavaFX Application Thread] DEBUG GameApplicationServi - Removing overlay from FXGLLoadingScene and adding to GameScene
20:07:05.168 [JavaFX Application Thread] DEBUG PrimaryStageWindow   - FXGLLoadingScene -> GameScene
20:12:20.207 [JavaFX Application Thread] DEBUG FXGLApplication      - Exiting FXGL
20:12:20.211 [JavaFX Application Thread] DEBUG LoopRunner           - Stopping loop
20:12:20.212 [JavaFX Application Thread] DEBUG SystemBundleService  - Saving FXGL system data
20:12:20.245 [JavaFX Application Thread] DEBUG FileSystemAccess     - Writing to: D:\code\intellij\Climb-Mount-Fuji\system\fxgl.bundle
20:12:20.269 [JavaFX Application Thread] DEBUG Async                - Shutting down background threads
20:12:20.273 [JavaFX Application Thread] DEBUG PrimaryStageWindow   - Closing main window
20:12:23.283 [JavaFX Application Thread] DEBUG Logger               - Closing Logger
