14:21:39.226 [main                     ] DEBUG Logger               - Configured Logger
14:21:39.276 [main                     ] DEBUG GameApplication      - Logging settings
Title: CLIMB MOUNT FUJI
Version: 0.0
Width: 800
Height: 600
Fullscreen: false
Intro: false
Profiling: false
Single step:false
App Mode: DEVELOPER
Menu Key: ESCAPE
Stage Style: DECORATED
Scene Factory: class com.almasb.fxgl.app.scene.SceneFactory

14:21:40.041 [JavaFX Application Thread] DEBUG FXGLApplication      - Initializing FXGL
14:21:40.046 [JavaFX Application Thread] INFO  Engine               - FXGL-17.2 (20.08.2022 16.50) on WINDOWS (J:23.0.2 FX:21.0.2)
14:21:40.047 [JavaFX Application Thread] DEBUG Engine               - JRE Vendor Name: Oracle Corporation
14:21:40.047 [JavaFX Application Thread] DEBUG Engine               - Running on OS: Windows 10 version 10.0
14:21:40.047 [JavaFX Application Thread] DEBUG Engine               - Architecture: amd64
14:21:40.047 [JavaFX Application Thread] INFO  Engine               - Source code and latest versions at: https://github.com/AlmasB/FXGL
14:21:40.047 [JavaFX Application Thread] INFO  Engine               -       Ask questions and discuss at: https://github.com/AlmasB/FXGL/discussions
14:21:40.048 [JavaFX Application Thread] INFO  Engine               -              Join the FXGL chat at: https://gitter.im/AlmasB/FXGL
14:21:40.262 [JavaFX Application Thread] DEBUG PrimaryStageWindow   - Creating a JavaFX scene
14:21:40.483 [JavaFX Application Thread] DEBUG PrimaryStageWindow   - Target settings size: 800.0 x 600.0
14:21:40.483 [JavaFX Application Thread] DEBUG PrimaryStageWindow   - Scaled scene size:    800.0 x 600.0
14:21:40.484 [JavaFX Application Thread] DEBUG PrimaryStageWindow   - Scaled ratio: (1.0, 1.0)
14:21:40.494 [JavaFX Application Thread] DEBUG PrimaryStageWindow   - Set initial scene to FXGLStartupScene
14:21:40.504 [JavaFX Application Thread] DEBUG PrimaryStageWindow   - Opening main window
14:21:40.717 [JavaFX Application Thread] DEBUG PrimaryStageWindow   - Window border size: (14.4000244140625, 37.5999755859375)
14:21:40.717 [JavaFX Application Thread] DEBUG PrimaryStageWindow   - Scaled size: 800.0 x 600.0
14:21:40.719 [JavaFX Application Thread] DEBUG PrimaryStageWindow   - Scaled ratio: (1.0, 1.0)
14:21:40.720 [JavaFX Application Thread] DEBUG PrimaryStageWindow   - Scene size: 800.0 x 600.0
14:21:40.720 [JavaFX Application Thread] DEBUG PrimaryStageWindow   - Stage size: 814.4000244140625 x 637.5999755859375
14:21:40.729 [FXGL Background Thread 1 ] DEBUG Engine               - Initializing environment variables
14:21:40.882 [FXGL Background Thread 1 ] DEBUG FXGLAssetLoaderServi - User app class for loading assets: class com.aluber.ClimbMountFuji.MainApplication
14:21:40.882 [FXGL Background Thread 1 ] DEBUG GameApplicationServi - Applying CSS: fxgl_dark.css
14:21:40.885 [FXGL Background Thread 1 ] DEBUG FXGLAssetLoaderServi - Loading from file system: jar:file:/C:/Users/yfili/.m2/repository/com/github/almasb/fxgl/17.2/fxgl-17.2.jar!/fxglassets/ui/css/fxgl_dark.css
14:21:40.967 [FXGL Background Thread 1 ] DEBUG GameApplicationServi - Initializing application scenes
14:21:41.029 [FXGL Background Thread 1 ] DEBUG GameWorld            - Game world initialized
14:21:41.111 [FXGL Background Thread 1 ] DEBUG PhysicsWorld         - Physics world initialized: appHeight=600, physics.ppm=50,0
14:21:41.111 [FXGL Background Thread 1 ] DEBUG PhysicsWorld         - Using strategy: BRUTE_FORCE
14:21:41.116 [FXGL Background Thread 1 ] DEBUG GameScene            - Game scene initialized: 800x600
14:21:41.137 [FXGL Background Thread 1 ] DEBUG FXGL.DefaultMenu     - createMenuBodyGameMenu()
14:21:41.163 [FXGL Background Thread 1 ] DEBUG FXGL.DefaultMenu     - createOptionsMenu()
14:21:41.196 [FXGL Background Thread 1 ] DEBUG FXGLAssetLoaderServi - Loading from file system: jar:file:/C:/Users/yfili/.m2/repository/com/github/almasb/fxgl/17.2/fxgl-17.2.jar!/fxglassets/textures/particles/smoke.png
14:21:41.395 [FXGL Background Thread 1 ] DEBUG FXGLAssetLoaderServi - Loading from file system: jar:file:/C:/Users/yfili/.m2/repository/com/github/almasb/fxgl/17.2/fxgl-17.2.jar!/fxglassets/textures/particles/trace_horizontal.png
14:21:41.427 [FXGL Background Thread 1 ] DEBUG GameApplicationServi - Application scenes initialized
14:21:41.444 [FXGL Background Thread 1 ] DEBUG SystemBundleService  - Loading FXGL system data
14:21:41.460 [FXGL Background Thread 1 ] DEBUG FileSystemAccess     - Reading from: D:\code\intellij\Climb-Mount-Fuji\system\fxgl.bundle
14:21:41.472 [FXGL Background Thread 1 ] DEBUG SystemBundleService  - Bundle FXGL: {}
14:21:41.472 [FXGL Background Thread 1 ] DEBUG UpdaterService       - Checking for updates
14:21:41.475 [FXGL Background Thread 4 ] DEBUG FXGLApplication      - Loading fonts
14:21:41.476 [FXGL Background Thread 4 ] DEBUG FXGLAssetLoaderServi - Loading from file system: jar:file:/C:/Users/yfili/.m2/repository/com/github/almasb/fxgl/17.2/fxgl-17.2.jar!/fxglassets/ui/fonts/VarelaRound-Regular.ttf
14:21:41.476 [FXGL Background Thread 1 ] DEBUG FXGLApplication      - Loading default localization
14:21:41.476 [FXGL Background Thread 1 ] DEBUG FXGLAssetLoaderServi - Loading from file system: jar:file:/C:/Users/yfili/.m2/repository/com/github/almasb/fxgl/17.2/fxgl-17.2.jar!/fxglassets/languages/english.lang
14:21:41.511 [FXGL Background Thread 1 ] INFO  FXGLApplication      - FXGL initialization took: 0,782 sec
14:21:41.512 [JavaFX Application Thread] DEBUG FXGLAssetLoaderServi - Loading from file system: jar:file:/C:/Users/yfili/.m2/repository/com/github/almasb/fxgl/17.2/fxgl-17.2.jar!/fxglassets/textures/fxgl_icon.png
14:21:41.541 [FXGL Background Thread 4 ] DEBUG FXGLAssetLoaderServi - Loading from file system: jar:file:/C:/Users/yfili/.m2/repository/com/github/almasb/fxgl/17.2/fxgl-17.2.jar!/fxglassets/ui/fonts/Abel-Regular.ttf
14:21:41.542 [JavaFX Application Thread] DEBUG FXGLAssetLoaderServi - Loading from file system: jar:file:/C:/Users/yfili/.m2/repository/com/github/almasb/fxgl/17.2/fxgl-17.2.jar!/fxglassets/textures/fxgl_default_cursor.png
14:21:41.565 [JavaFX Application Thread] DEBUG Input                - Registered new binding: Screenshot - CTRL+8
14:21:41.566 [JavaFX Application Thread] DEBUG Input                - Registered new binding: System info dump - CTRL+9
14:21:41.567 [FXGL Background Thread 4 ] DEBUG FXGLAssetLoaderServi - Loading from file system: jar:file:/C:/Users/yfili/.m2/repository/com/github/almasb/fxgl/17.2/fxgl-17.2.jar!/fxglassets/ui/fonts/TerminalLandMono-Regular.otf
14:21:41.568 [JavaFX Application Thread] DEBUG Input                - Registered new binding: Restart - CTRL+R
14:21:41.572 [JavaFX Application Thread] DEBUG Input                - Registered new binding: Toggle Debug Camera - CTRL+7
14:21:41.576 [JavaFX Application Thread] DEBUG LoopRunner           - Starting loop
14:21:41.576 [JavaFX Application Thread] DEBUG LoopRunner           - Initializing JavaFX AnimationTimerLoop
14:21:41.578 [JavaFX Application Thread] DEBUG GameApplicationServi - Starting new game
14:21:41.579 [JavaFX Application Thread] DEBUG Input                - Clearing active input actions
14:21:41.592 [FXGL Background Thread 4 ] DEBUG FXGLAssetLoaderServi - Loading from file system: jar:file:/C:/Users/yfili/.m2/repository/com/github/almasb/fxgl/17.2/fxgl-17.2.jar!/fxglassets/ui/fonts/Courier-Prime.ttf
14:21:41.594 [JavaFX Application Thread] DEBUG GameApplicationServi - Removing overlay from FXGLStartupScene and adding to FXGLLoadingScene
14:21:41.595 [JavaFX Application Thread] DEBUG PrimaryStageWindow   - FXGLStartupScene -> FXGLLoadingScene
14:21:41.595 [JavaFX Application Thread] DEBUG GameApplicationServi - Clearing previous game
14:21:41.595 [JavaFX Application Thread] DEBUG GameScene            - Clearing game scene
14:21:41.595 [JavaFX Application Thread] DEBUG GameWorld            - Clearing game world
14:21:41.595 [JavaFX Application Thread] DEBUG PhysicsWorld         - Clearing physics world
14:21:41.597 [FXGL Background Thread 1 ] DEBUG FXGLApplication      - Initializing game
14:21:41.598 [FXGL Background Thread 1 ] INFO  FXGLApplication      - Game initialization took: 0,001 sec
14:21:41.672 [JavaFX Application Thread] DEBUG Input                - Clearing active input actions
14:21:41.684 [JavaFX Application Thread] DEBUG GameApplicationServi - Removing overlay from FXGLLoadingScene and adding to GameScene
14:21:41.685 [JavaFX Application Thread] DEBUG PrimaryStageWindow   - FXGLLoadingScene -> GameScene
14:21:41.687 [JavaFX Application Thread] DEBUG FXGLApplication      - Registering font factories with UI factory
14:21:42.811 [FXGL Background Thread 2 ] INFO  UpdaterService       - Your current version:  17.2
14:21:42.812 [FXGL Background Thread 2 ] INFO  UpdaterService       - Latest stable version: 21.1
14:21:43.943 [JavaFX Application Thread] DEBUG FXGLApplication      - Exiting FXGL
14:21:43.943 [JavaFX Application Thread] DEBUG LoopRunner           - Stopping loop
14:21:43.943 [JavaFX Application Thread] DEBUG SystemBundleService  - Saving FXGL system data
14:21:43.948 [JavaFX Application Thread] DEBUG FileSystemAccess     - Writing to: D:\code\intellij\Climb-Mount-Fuji\system\fxgl.bundle
14:21:43.952 [JavaFX Application Thread] DEBUG Async                - Shutting down background threads
14:21:43.953 [JavaFX Application Thread] DEBUG PrimaryStageWindow   - Closing main window
14:21:43.972 [JavaFX Application Thread] DEBUG Logger               - Closing Logger
